../Core/Src/main.c:118:6:Akcelerometr_SPI_init	8	static
../Core/Src/main.c:129:6:Akcelerometr_SPI	24	static
../Core/Src/main.c:160:6:HAL_UART_TxCpltCallback	16	static
../Core/Src/main.c:168:6:HAL_UART_RxCpltCallback	16	static
../Core/Src/main.c:183:6:HAL_ADC_ConvCpltCallback	16	static
../Core/Src/main.c:192:6:HAL_GPIO_EXTI_Callback	16	static
../Core/Src/main.c:222:6:HAL_TIM_PeriodElapsedCallback	16	static
../Core/Src/main.c:255:6:count_number	4	static
../Core/Src/main.c:268:6:SetDisp	16	static
../Core/Src/main.c:292:6:DispSeg7	16	static
../Core/Src/main.c:306:6:SetSeg7	16	static
../Core/Src/main.c:352:5:main	8	static
../Core/Src/main.c:441:6:SystemClock_Config	88	static
../Core/Src/main.c:488:13:MX_ADC1_Init	24	static
../Core/Src/main.c:549:13:MX_SPI1_Init	8	static
../Core/Src/main.c:587:13:MX_TIM2_Init	32	static
../Core/Src/main.c:632:13:MX_TIM10_Init	8	static
../Core/Src/main.c:663:13:MX_TIM11_Init	8	static
../Core/Src/main.c:694:13:MX_USART2_UART_Init	8	static
../Core/Src/main.c:725:13:MX_DMA_Init	16	static
../Core/Src/main.c:750:13:MX_GPIO_Init	48	static
../Core/Src/main.c:815:6:Error_Handler	4	static,ignoring_inline_asm
