../Core/Src/main.c:617:6:StartDefaultTask	8	static
../Core/Src/main.c:640:6:StartTask02	16	static
../Core/Src/main.c:116:6:HAL_ADC_ConvCpltCallback	8	static
../Core/Src/main.c:153:5:__io_putchar	16	static
../Core/Src/main.c:165:6:BUFFOR_Init	8	static
../Core/Src/main.c:173:7:Recalloc	16	static
../Core/Src/main.c:123:6:HAL_UART_RxCpltCallback	16	static
../Core/Src/main.c:295:6:SystemClock_Config	88	static,ignoring_inline_asm
../Core/Src/main.c:193:5:main	104	static,ignoring_inline_asm
../Core/Src/main.c:670:6:HAL_TIM_PeriodElapsedCallback	0	static
../Core/Src/main.c:687:6:Error_Handler	0	static,ignoring_inline_asm
