../Core/Src/main.c:104:6:HAL_UART_RxCpltCallback	24	static
../Core/Src/main.c:116:6:HAL_ADC_ConvCpltCallback	16	static
../Core/Src/main.c:126:6:HAL_GPIO_EXTI_Callback	16	static
../Core/Src/main.c:156:6:HAL_TIM_PeriodElapsedCallback	16	static
../Core/Src/main.c:191:6:count_number	4	static
../Core/Src/main.c:204:6:SetDisp	16	static
../Core/Src/main.c:228:6:DispSeg7	16	static
../Core/Src/main.c:242:6:SetSeg7	16	static
../Core/Src/main.c:288:5:main	8	static
../Core/Src/main.c:349:6:SystemClock_Config	88	static
../Core/Src/main.c:396:13:MX_ADC1_Init	24	static
../Core/Src/main.c:448:13:MX_TIM10_Init	8	static
../Core/Src/main.c:479:13:MX_TIM11_Init	8	static
../Core/Src/main.c:510:13:MX_USART2_UART_Init	8	static
../Core/Src/main.c:541:13:MX_DMA_Init	16	static
../Core/Src/main.c:562:13:MX_GPIO_Init	48	static
../Core/Src/main.c:627:6:Error_Handler	4	static,ignoring_inline_asm
