../LWIP/Target/ethernetif.c:699:9:ETH_PHY_IO_DeInit	0	static
../LWIP/Target/ethernetif.c:350:14:low_level_output	64	static
../LWIP/Target/ethernetif.c:742:9:ETH_PHY_IO_GetTick	0	static
../LWIP/Target/ethernetif.c:682:9:ETH_PHY_IO_Init	8	static
../LWIP/Target/ethernetif.c:711:9:ETH_PHY_IO_ReadReg	8	static
../LWIP/Target/ethernetif.c:728:9:ETH_PHY_IO_WriteReg	8	static
../LWIP/Target/ethernetif.c:537:6:pbuf_free_custom	8	static
../LWIP/Target/ethernetif.c:429:13:ethernetif_input	40	static
../LWIP/Target/ethernetif.c:142:6:HAL_ETH_RxCpltCallback	0	static
../LWIP/Target/ethernetif.c:151:6:HAL_ETH_TxCpltCallback	0	static
../LWIP/Target/ethernetif.c:160:6:HAL_ETH_ErrorCallback	8	static
../LWIP/Target/ethernetif.c:486:7:ethernetif_init	176	static
../LWIP/Target/ethernetif.c:560:7:sys_now	0	static
../LWIP/Target/ethernetif.c:573:6:HAL_ETH_MspInit	72	static
../LWIP/Target/ethernetif.c:636:6:HAL_ETH_MspDeInit	8	static
../LWIP/Target/ethernetif.c:752:6:ethernet_link_thread	136	static
../LWIP/Target/ethernetif.c:822:6:HAL_ETH_RxAllocateCallback	16	static
../LWIP/Target/ethernetif.c:844:6:HAL_ETH_RxLinkCallback	12	static
../LWIP/Target/ethernetif.c:881:6:HAL_ETH_TxFreeCallback	0	static
