../Core/Src/main.c:116:6:HAL_ADC_ConvCpltCallback	24	static
../Core/Src/main.c:123:6:HAL_UART_RxCpltCallback	24	static
../Core/Src/main.c:153:5:__io_putchar	16	static
../Core/Src/main.c:165:6:BUFFOR_Init	8	static
../Core/Src/main.c:173:7:Recalloc	32	static
../Core/Src/main.c:193:5:main	80	static
../Core/Src/main.c:295:6:SystemClock_Config	88	static
../Core/Src/main.c:349:13:MX_ADC1_Init	24	static
../Core/Src/main.c:401:13:MX_I2C1_Init	8	static
../Core/Src/main.c:449:13:MX_TIM13_Init	40	static
../Core/Src/main.c:495:13:MX_UART7_Init	8	static
../Core/Src/main.c:528:13:MX_USART3_UART_Init	8	static
../Core/Src/main.c:559:13:MX_DMA_Init	16	static
../Core/Src/main.c:577:13:MX_GPIO_Init	56	static
../Core/Src/main.c:617:6:StartDefaultTask	16	static
../Core/Src/main.c:640:6:StartTask02	24	static
../Core/Src/main.c:670:6:HAL_TIM_PeriodElapsedCallback	16	static
../Core/Src/main.c:687:6:Error_Handler	4	static,ignoring_inline_asm
