Archive member included to satisfy reference by file (symbol)

C:/ST/STM32CubeIDE_1.13.2/STM32CubeIDE/plugins/com.st.stm32cube.ide.mcu.externaltools.gnu-tools-for-stm32.11.3.rel1.win32_1.1.100.202309141235/tools/bin/../lib/gcc/arm-none-eabi/11.3.1/../../../../arm-none-eabi/lib/thumb/v7e-m+fp/hard\libc_nano.a(libc_a-assert.o)
                              ./Core/Src/sht3x.o (__assert_func)
C:/ST/STM32CubeIDE_1.13.2/STM32CubeIDE/plugins/com.st.stm32cube.ide.mcu.externaltools.gnu-tools-for-stm32.11.3.rel1.win32_1.1.100.202309141235/tools/bin/../lib/gcc/arm-none-eabi/11.3.1/../../../../arm-none-eabi/lib/thumb/v7e-m+fp/hard\libc_nano.a(libc_a-calloc.o)
                              ./Core/Src/main.o (calloc)
C:/ST/STM32CubeIDE_1.13.2/STM32CubeIDE/plugins/com.st.stm32cube.ide.mcu.externaltools.gnu-tools-for-stm32.11.3.rel1.win32_1.1.100.202309141235/tools/bin/../lib/gcc/arm-none-eabi/11.3.1/../../../../arm-none-eabi/lib/thumb/v7e-m+fp/hard\libc_nano.a(libc_a-callocr.o)
                              C:/ST/STM32CubeIDE_1.13.2/STM32CubeIDE/plugins/com.st.stm32cube.ide.mcu.externaltools.gnu-tools-for-stm32.11.3.rel1.win32_1.1.100.202309141235/tools/bin/../lib/gcc/arm-none-eabi/11.3.1/../../../../arm-none-eabi/lib/thumb/v7e-m+fp/hard\libc_nano.a(libc_a-calloc.o) (_calloc_r)
C:/ST/STM32CubeIDE_1.13.2/STM32CubeIDE/plugins/com.st.stm32cube.ide.mcu.externaltools.gnu-tools-for-stm32.11.3.rel1.win32_1.1.100.202309141235/tools/bin/../lib/gcc/arm-none-eabi/11.3.1/../../../../arm-none-eabi/lib/thumb/v7e-m+fp/hard\libc_nano.a(libc_a-exit.o)
                              C:/ST/STM32CubeIDE_1.13.2/STM32CubeIDE/plugins/com.st.stm32cube.ide.mcu.externaltools.gnu-tools-for-stm32.11.3.rel1.win32_1.1.100.202309141235/tools/bin/../lib/gcc/arm-none-eabi/11.3.1/../../../../arm-none-eabi/lib/thumb/v7e-m+fp/hard/crt0.o (exit)
C:/ST/STM32CubeIDE_1.13.2/STM32CubeIDE/plugins/com.st.stm32cube.ide.mcu.externaltools.gnu-tools-for-stm32.11.3.rel1.win32_1.1.100.202309141235/tools/bin/../lib/gcc/arm-none-eabi/11.3.1/../../../../arm-none-eabi/lib/thumb/v7e-m+fp/hard\libc_nano.a(libc_a-malloc.o)
                              ./Core/Src/main.o (free)
C:/ST/STM32CubeIDE_1.13.2/STM32CubeIDE/plugins/com.st.stm32cube.ide.mcu.externaltools.gnu-tools-for-stm32.11.3.rel1.win32_1.1.100.202309141235/tools/bin/../lib/gcc/arm-none-eabi/11.3.1/../../../../arm-none-eabi/lib/thumb/v7e-m+fp/hard\libc_nano.a(libc_a-mallocr.o)
                              C:/ST/STM32CubeIDE_1.13.2/STM32CubeIDE/plugins/com.st.stm32cube.ide.mcu.externaltools.gnu-tools-for-stm32.11.3.rel1.win32_1.1.100.202309141235/tools/bin/../lib/gcc/arm-none-eabi/11.3.1/../../../../arm-none-eabi/lib/thumb/v7e-m+fp/hard\libc_nano.a(libc_a-callocr.o) (_malloc_r)
C:/ST/STM32CubeIDE_1.13.2/STM32CubeIDE/plugins/com.st.stm32cube.ide.mcu.externaltools.gnu-tools-for-stm32.11.3.rel1.win32_1.1.100.202309141235/tools/bin/../lib/gcc/arm-none-eabi/11.3.1/../../../../arm-none-eabi/lib/thumb/v7e-m+fp/hard\libc_nano.a(libc_a-mlock.o)
                              C:/ST/STM32CubeIDE_1.13.2/STM32CubeIDE/plugins/com.st.stm32cube.ide.mcu.externaltools.gnu-tools-for-stm32.11.3.rel1.win32_1.1.100.202309141235/tools/bin/../lib/gcc/arm-none-eabi/11.3.1/../../../../arm-none-eabi/lib/thumb/v7e-m+fp/hard\libc_nano.a(libc_a-mallocr.o) (__malloc_lock)
C:/ST/STM32CubeIDE_1.13.2/STM32CubeIDE/plugins/com.st.stm32cube.ide.mcu.externaltools.gnu-tools-for-stm32.11.3.rel1.win32_1.1.100.202309141235/tools/bin/../lib/gcc/arm-none-eabi/11.3.1/../../../../arm-none-eabi/lib/thumb/v7e-m+fp/hard\libc_nano.a(libc_a-strtoul.o)
                              ./Core/Src/httpserver.o (strtoul)
C:/ST/STM32CubeIDE_1.13.2/STM32CubeIDE/plugins/com.st.stm32cube.ide.mcu.externaltools.gnu-tools-for-stm32.11.3.rel1.win32_1.1.100.202309141235/tools/bin/../lib/gcc/arm-none-eabi/11.3.1/../../../../arm-none-eabi/lib/thumb/v7e-m+fp/hard\libc_nano.a(libc_a-ctype_.o)
                              C:/ST/STM32CubeIDE_1.13.2/STM32CubeIDE/plugins/com.st.stm32cube.ide.mcu.externaltools.gnu-tools-for-stm32.11.3.rel1.win32_1.1.100.202309141235/tools/bin/../lib/gcc/arm-none-eabi/11.3.1/../../../../arm-none-eabi/lib/thumb/v7e-m+fp/hard\libc_nano.a(libc_a-strtoul.o) (_ctype_)
C:/ST/STM32CubeIDE_1.13.2/STM32CubeIDE/plugins/com.st.stm32cube.ide.mcu.externaltools.gnu-tools-for-stm32.11.3.rel1.win32_1.1.100.202309141235/tools/bin/../lib/gcc/arm-none-eabi/11.3.1/../../../../arm-none-eabi/lib/thumb/v7e-m+fp/hard\libc_nano.a(libc_a-findfp.o)
                              C:/ST/STM32CubeIDE_1.13.2/STM32CubeIDE/plugins/com.st.stm32cube.ide.mcu.externaltools.gnu-tools-for-stm32.11.3.rel1.win32_1.1.100.202309141235/tools/bin/../lib/gcc/arm-none-eabi/11.3.1/../../../../arm-none-eabi/lib/thumb/v7e-m+fp/hard\libc_nano.a(libc_a-exit.o) (__stdio_exit_handler)
[...]
Memory Configuration

Name             Origin             Length             Attributes
CCMRAM           0x0000000010000000 0x0000000000010000 xrw
RAM              0x0000000020000000 0x0000000000030000 xrw
FLASH            0x0000000008000000 0x0000000000200000 xr
*default*        0x0000000000000000 0xffffffffffffffff

Linker script and memory map

LOAD C:/ST/STM32CubeIDE_1.13.2/STM32CubeIDE/plugins/com.st.stm32cube.ide.mcu.externaltools.gnu-tools-for-stm32.11.3.rel1.win32_1.1.100.202309141235/tools/bin/../lib/gcc/arm-none-eabi/11.3.1/thumb/v7e-m+fp/hard/crti.o
LOAD C:/ST/STM32CubeIDE_1.13.2/STM32CubeIDE/plugins/com.st.stm32cube.ide.mcu.externaltools.gnu-tools-for-stm32.11.3.rel1.win32_1.1.100.202309141235/tools/bin/../lib/gcc/arm-none-eabi/11.3.1/thumb/v7e-m+fp/hard/crtbegin.o
LOAD C:/ST/STM32CubeIDE_1.13.2/STM32CubeIDE/plugins/com.st.stm32cube.ide.mcu.externaltools.gnu-tools-for-stm32.11.3.rel1.win32_1.1.100.202309141235/tools/bin/../lib/gcc/arm-none-eabi/11.3.1/../../../../arm-none-eabi/lib/thumb/v7e-m+fp/hard/crt0.o
LOAD ./Core/Src/Servo.o
LOAD ./Core/Src/freertos.o
LOAD ./Core/Src/httpserver.o
LOAD ./Core/Src/main.o
LOAD ./Core/Src/sht3x.o
LOAD ./Core/Src/stm32f4xx_hal_msp.o
LOAD ./Core/Src/stm32f4xx_hal_timebase_tim.o
LOAD ./Core/Src/stm32f4xx_it.o
LOAD ./Core/Src/syscalls.o
LOAD ./Core/Src/sysmem.o
LOAD ./Core/Src/system_stm32f4xx.o
LOAD ./Core/Startup/startup_stm32f429zitx.o
LOAD ./Drivers/BSP/Components/lan8742/lan8742.o
LOAD ./Drivers/STM32F4xx_HAL_Driver/Src/stm32f4xx_hal.o
LOAD ./Drivers/STM32F4xx_HAL_Driver/Src/stm32f4xx_hal_adc.o
LOAD ./Drivers/STM32F4xx_HAL_Driver/Src/stm32f4xx_hal_adc_ex.o
LOAD ./Drivers/STM32F4xx_HAL_Driver/Src/stm32f4xx_hal_cortex.o
LOAD ./Drivers/STM32F4xx_HAL_Driver/Src/stm32f4xx_hal_dma.o
LOAD ./Drivers/STM32F4xx_HAL_Driver/Src/stm32f4xx_hal_dma_ex.o
LOAD ./Drivers/STM32F4xx_HAL_Driver/Src/stm32f4xx_hal_eth.o
LOAD ./Drivers/STM32F4xx_HAL_Driver/Src/stm32f4xx_hal_exti.o
LOAD ./Drivers/STM32F4xx_HAL_Driver/Src/stm32f4xx_hal_flash.o
LOAD ./Drivers/STM32F4xx_HAL_Driver/Src/stm32f4xx_hal_flash_ex.o
LOAD ./Drivers/STM32F4xx_HAL_Driver/Src/stm32f4xx_hal_flash_ramfunc.o
LOAD ./Drivers/STM32F4xx_HAL_Driver/Src/stm32f4xx_hal_gpio.o
LOAD ./Drivers/STM32F4xx_HAL_Driver/Src/stm32f4xx_hal_i2c.o
LOAD ./Drivers/STM32F4xx_HAL_Driver/Src/stm32f4xx_hal_i2c_ex.o
LOAD ./Drivers/STM32F4xx_HAL_Driver/Src/stm32f4xx_hal_pwr.o
LOAD ./Drivers/STM32F4xx_HAL_Driver/Src/stm32f4xx_hal_pwr_ex.o
LOAD ./Drivers/STM32F4xx_HAL_Driver/Src/stm32f4xx_hal_rcc.o
LOAD ./Drivers/STM32F4xx_HAL_Driver/Src/stm32f4xx_hal_rcc_ex.o
LOAD ./Drivers/STM32F4xx_HAL_Driver/Src/stm32f4xx_hal_tim.o
LOAD ./Drivers/STM32F4xx_HAL_Driver/Src/stm32f4xx_hal_tim_ex.o
LOAD ./Drivers/STM32F4xx_HAL_Driver/Src/stm32f4xx_hal_uart.o
LOAD ./Drivers/STM32F4xx_HAL_Driver/Src/stm32f4xx_ll_adc.o
LOAD ./LWIP/App/lwip.o
LOAD ./LWIP/Target/ethernetif.o
START GROUP
LOAD C:/ST/STM32CubeIDE_1.13.2/STM32CubeIDE/plugins/com.st.stm32cube.ide.mcu.externaltools.gnu-tools-for-stm32.11.3.rel1.win32_1.1.100.202309141235/tools/bin/../lib/gcc/arm-none-eabi/11.3.1/../../../../arm-none-eabi/lib/thumb/v7e-m+fp/hard\libc_nano.a
LOAD C:/ST/STM32CubeIDE_1.13.2/STM32CubeIDE/plugins/com.st.stm32cube.ide.mcu.externaltools.gnu-tools-for-stm32.11.3.rel1.win32_1.1.100.202309141235/tools/bin/../lib/gcc/arm-none-eabi/11.3.1/../../../../arm-none-eabi/lib/thumb/v7e-m+fp/hard\libm.a
END GROUP
START GROUP
LOAD C:/ST/STM32CubeIDE_1.13.2/STM32CubeIDE/plugins/com.st.stm32cube.ide.mcu.externaltools.gnu-tools-for-stm32.11.3.rel1.win32_1.1.100.202309141235/tools/bin/../lib/gcc/arm-none-eabi/11.3.1/thumb/v7e-m+fp/hard\libgcc.a
LOAD C:/ST/STM32CubeIDE_1.13.2/STM32CubeIDE/plugins/com.st.stm32cube.ide.mcu.externaltools.gnu-tools-for-stm32.11.3.rel1.win32_1.1.100.202309141235/tools/bin/../lib/gcc/arm-none-eabi/11.3.1/../../../../arm-none-eabi/lib/thumb/v7e-m+fp/hard\libc_nano.a
END GROUP
START GROUP
LOAD C:/ST/STM32CubeIDE_1.13.2/STM32CubeIDE/plugins/com.st.stm32cube.ide.mcu.externaltools.gnu-tools-for-stm32.11.3.rel1.win32_1.1.100.202309141235/tools/bin/../lib/gcc/arm-none-eabi/11.3.1/thumb/v7e-m+fp/hard\libgcc.a
LOAD C:/ST/STM32CubeIDE_1.13.2/STM32CubeIDE/plugins/com.st.stm32cube.ide.mcu.externaltools.gnu-tools-for-stm32.11.3.rel1.win32_1.1.100.202309141235/tools/bin/../lib/gcc/arm-none-eabi/11.3.1/../../../../arm-none-eabi/lib/thumb/v7e-m+fp/hard\libc_nano.a
LOAD C:/ST/STM32CubeIDE_1.13.2/STM32CubeIDE/plugins/com.st.stm32cube.ide.mcu.externaltools.gnu-tools-for-stm32.11.3.rel1.win32_1.1.100.202309141235/tools/bin/../lib/gcc/arm-none-eabi/11.3.1/../../../../arm-none-eabi/lib/thumb/v7e-m+fp/hard\libnosys.a
END GROUP
START GROUP
LOAD C:/ST/STM32CubeIDE_1.13.2/STM32CubeIDE/plugins/com.st.stm32cube.ide.mcu.externaltools.gnu-tools-for-stm32.11.3.rel1.win32_1.1.100.202309141235/tools/bin/../lib/gcc/arm-none-eabi/11.3.1/thumb/v7e-m+fp/hard\libgcc.a
LOAD C:/ST/STM32CubeIDE_1.13.2/STM32CubeIDE/plugins/com.st.stm32cube.ide.mcu.externaltools.gnu-tools-for-stm32.11.3.rel1.win32_1.1.100.202309141235/tools/bin/../lib/gcc/arm-none-eabi/11.3.1/../../../../arm-none-eabi/lib/thumb/v7e-m+fp/hard\libc_nano.a
LOAD C:/ST/STM32CubeIDE_1.13.2/STM32CubeIDE/plugins/com.st.stm32cube.ide.mcu.externaltools.gnu-tools-for-stm32.11.3.rel1.win32_1.1.100.202309141235/tools/bin/../lib/gcc/arm-none-eabi/11.3.1/../../../../arm-none-eabi/lib/thumb/v7e-m+fp/hard\libnosys.a
END GROUP
LOAD C:/ST/STM32CubeIDE_1.13.2/STM32CubeIDE/plugins/com.st.stm32cube.ide.mcu.externaltools.gnu-tools-for-stm32.11.3.rel1.win32_1.1.100.202309141235/tools/bin/../lib/gcc/arm-none-eabi/11.3.1/thumb/v7e-m+fp/hard/crtend.o
LOAD C:/ST/STM32CubeIDE_1.13.2/STM32CubeIDE/plugins/com.st.stm32cube.ide.mcu.externaltools.gnu-tools-for-stm32.11.3.rel1.win32_1.1.100.202309141235/tools/bin/../lib/gcc/arm-none-eabi/11.3.1/thumb/v7e-m+fp/hard/crtn.o
                0x0000000020030000                _estack = (ORIGIN (RAM) + LENGTH (RAM))
                0x0000000000000200                _Min_Heap_Size = 0x200
                0x0000000000000400                _Min_Stack_Size = 0x400

.isr_vector     0x0000000008000000      0x1ac
                0x0000000008000000                . = ALIGN (0x4)
 *(.isr_vector)
 .isr_vector    0x0000000008000000      0x1ac ./Core/Startup/startup_stm32f429zitx.o
                0x0000000008000000                g_pfnVectors
                0x00000000080001ac                . = ALIGN (0x4)

.text           0x00000000080001b0     0x7b4c
                0x00000000080001b0                . = ALIGN (0x4)
 *(.text)
 .text          0x00000000080001b0       0x40 C:/ST/STM32CubeIDE_1.13.2/STM32CubeIDE/plugins/com.st.stm32cube.ide.mcu.externaltools.gnu-tools-for-stm32.11.3.rel1.win32_1.1.100.202309141235/tools/bin/../lib/gcc/arm-none-eabi/11.3.1/thumb/v7e-m+fp/hard/crtbegin.o
 .text          0x00000000080001f0       0x14 C:/ST/STM32CubeIDE_1.13.2/STM32CubeIDE/plugins/com.st.stm32cube.ide.mcu.externaltools.gnu-tools-for-stm32.11.3.rel1.win32_1.1.100.202309141235/tools/bin/../lib/gcc/arm-none-eabi/11.3.1/../../../../arm-none-eabi/lib/thumb/v7e-m+fp/hard\libc_nano.a(libc_a-strcmp.o)
                0x00000000080001f0                strcmp
 .text          0x0000000008000204       0x10 C:/ST/STM32CubeIDE_1.13.2/STM32CubeIDE/plugins/com.st.stm32cube.ide.mcu.externaltools.gnu-tools-for-stm32.11.3.rel1.win32_1.1.100.202309141235/tools/bin/../lib/gcc/arm-none-eabi/11.3.1/../../../../arm-none-eabi/lib/thumb/v7e-m+fp/hard\libc_nano.a(libc_a-strlen.o)
                0x0000000008000204                strlen
 *fill*         0x0000000008000214        0xc 
 .text          0x0000000008000220       0xa0 C:/ST/STM32CubeIDE_1.13.2/STM32CubeIDE/plugins/com.st.stm32cube.ide.mcu.externaltools.gnu-tools-for-stm32.11.3.rel1.win32_1.1.100.202309141235/tools/bin/../lib/gcc/arm-none-eabi/11.3.1/../../../../arm-none-eabi/lib/thumb/v7e-m+fp/hard\libc_nano.a(libc_a-memchr.o)
                0x0000000008000220                memchr
 .text          0x00000000080002c0      0x378 C:/ST/STM32CubeIDE_1.13.2/STM32CubeIDE/plugins/com.st.stm32cube.ide.mcu.externaltools.gnu-tools-for-stm32.11.3.rel1.win32_1.1.100.202309141235/tools/bin/../lib/gcc/arm-none-eabi/11.3.1/thumb/v7e-m+fp/hard\libgcc.a(_arm_addsubdf3.o)
                0x00000000080002c0                __aeabi_drsub
                0x00000000080002c8                __aeabi_dsub
                0x00000000080002c8                __subdf3
                0x00000000080002cc                __aeabi_dadd
                0x00000000080002cc                __adddf3
                0x0000000008000544                __floatunsidf
                0x0000000008000544                __aeabi_ui2d
                0x0000000008000564                __floatsidf
                0x0000000008000564                __aeabi_i2d
                0x0000000008000588                __aeabi_f2d
                0x0000000008000588                __extendsfdf2
                0x00000000080005cc                __floatundidf
                0x00000000080005cc                __aeabi_ul2d
                0x00000000080005dc                __floatdidf
                0x00000000080005dc                __aeabi_l2d
 .text          0x0000000008000638      0x424 C:/ST/STM32CubeIDE_1.13.2/STM32CubeIDE/plugins/com.st.stm32cube.ide.mcu.externaltools.gnu-tools-for-stm32.11.3.rel1.win32_1.1.100.202309141235/tools/bin/../lib/gcc/arm-none-eabi/11.3.1/thumb/v7e-m+fp/hard\libgcc.a(_arm_muldivdf3.o)
                0x0000000008000638                __aeabi_dmul
                0x0000000008000638                __muldf3
                0x000000000800088c                __divdf3
                0x000000000800088c                __aeabi_ddiv
 .text          0x0000000008000a5c       0xa0 C:/ST/STM32CubeIDE_1.13.2/STM32CubeIDE/plugins/com.st.stm32cube.ide.mcu.externaltools.gnu-tools-for-stm32.11.3.rel1.win32_1.1.100.202309141235/tools/bin/../lib/gcc/arm-none-eabi/11.3.1/thumb/v7e-m+fp/hard\libgcc.a(_arm_truncdfsf2.o)
                0x0000000008000a5c                __truncdfsf2
                0x0000000008000a5c                __aeabi_d2f
 .text          0x0000000008000afc       0x30 C:/ST/STM32CubeIDE_1.13.2/STM32CubeIDE/plugins/com.st.stm32cube.ide.mcu.externaltools.gnu-tools-for-stm32.11.3.rel1.win32_1.1.100.202309141235/tools/bin/../lib/gcc/arm-none-eabi/11.3.1/thumb/v7e-m+fp/hard\libgcc.a(_aeabi_uldivmod.o)
                0x0000000008000afc                __aeabi_uldivmod
 .text          0x0000000008000b2c      0x2c8 C:/ST/STM32CubeIDE_1.13.2/STM32CubeIDE/plugins/com.st.stm32cube.ide.mcu.externaltools.gnu-tools-for-stm32.11.3.rel1.win32_1.1.100.202309141235/tools/bin/../lib/gcc/arm-none-eabi/11.3.1/thumb/v7e-m+fp/hard\libgcc.a(_udivmoddi4.o)
                0x0000000008000b2c                __udivmoddi4
 .text          0x0000000008000df4        0x4 C:/ST/STM32CubeIDE_1.13.2/STM32CubeIDE/plugins/com.st.stm32cube.ide.mcu.externaltools.gnu-tools-for-stm32.11.3.rel1.win32_1.1.100.202309141235/tools/bin/../lib/gcc/arm-none-eabi/11.3.1/thumb/v7e-m+fp/hard\libgcc.a(_dvmd_tls.o)
                0x0000000008000df4                __aeabi_idiv0
                0x0000000008000df4                __aeabi_ldiv0
 *(.text*)
 .text.Servo_Init
                0x0000000008000df8       0x30 ./Core/Src/Servo.o
                0x0000000008000df8                Servo_Init
 .text.Servo_set_angle
                0x0000000008000e28       0x48 ./Core/Src/Servo.o
                0x0000000008000e28                Servo_set_angle
 .text.http_thread
                0x0000000008000e70      0x25c ./Core/Src/httpserver.o
 .text.http_server_init
                0x00000000080010cc       0x20 ./Core/Src/httpserver.o
                0x00000000080010cc                http_server_init
 .text.StartDefaultTask
                0x00000000080010ec       0x20 ./Core/Src/main.o
                0x00000000080010ec                StartDefaultTask
 .text.StartTask02
                0x000000000800110c       0x44 ./Core/Src/main.o
                0x000000000800110c                StartTask02
 .text.HAL_ADC_ConvCpltCallback
                0x0000000008001150       0x8c ./Core/Src/main.o
                0x0000000008001150                HAL_ADC_ConvCpltCallback
 .text.__io_putchar
                0x00000000080011dc       0x2c ./Core/Src/main.o
                0x00000000080011dc                __io_putchar
 .text.BUFFOR_Init
                0x0000000008001208       0x24 ./Core/Src/main.o
                0x0000000008001208                BUFFOR_Init
 .text.Recalloc
                0x000000000800122c       0x34 ./Core/Src/main.o
                0x000000000800122c                Recalloc
 .text.HAL_UART_RxCpltCallback
                0x0000000008001260       0xb8 ./Core/Src/main.o
                0x0000000008001260                HAL_UART_RxCpltCallback
 .text.SystemClock_Config
                0x0000000008001318       0xa8 ./Core/Src/main.o
                0x0000000008001318                SystemClock_Config
 .text.startup.main
                0x00000000080013c0      0x2e4 ./Core/Src/main.o
                0x00000000080013c0                main
 .text.HAL_TIM_PeriodElapsedCallback
                0x00000000080016a4       0x14 ./Core/Src/main.o
                0x00000000080016a4                HAL_TIM_PeriodElapsedCallback
 .text.Error_Handler
                0x00000000080016b8        0x4 ./Core/Src/main.o
                0x00000000080016b8                Error_Handler
 .text.sht3x_send_command
                0x00000000080016bc       0x28 ./Core/Src/sht3x.o
 .text.calculate_crc.constprop.0
                0x00000000080016e4       0x3e ./Core/Src/sht3x.o
 .text.sthx_reset
                0x0000000008001722       0x1e ./Core/Src/sht3x.o
                0x0000000008001722                sthx_reset
 .text.sht3x_init
                0x0000000008001740       0x68 ./Core/Src/sht3x.o
                0x0000000008001740                sht3x_init
 .text.HAL_I2C_MasterRxCpltCallback
                0x00000000080017a8        0xc ./Core/Src/sht3x.o
                0x00000000080017a8                HAL_I2C_MasterRxCpltCallback
 .text.sht3x_read_temperature_and_humidity
                0x00000000080017b4       0xa8 ./Core/Src/sht3x.o
                0x00000000080017b4                sht3x_read_temperature_and_humidity
 .text.HAL_MspInit
                0x000000000800185c       0x40 ./Core/Src/stm32f4xx_hal_msp.o
                0x000000000800185c                HAL_MspInit
 .text.HAL_ADC_MspInit
                0x000000000800189c       0x44 ./Core/Src/stm32f4xx_hal_msp.o
                0x000000000800189c                HAL_ADC_MspInit
 .text.HAL_I2C_MspInit
                0x00000000080018e0       0xbc ./Core/Src/stm32f4xx_hal_msp.o
                0x00000000080018e0                HAL_I2C_MspInit
 .text.HAL_I2C_MspDeInit
                0x000000000800199c       0x48 ./Core/Src/stm32f4xx_hal_msp.o
                0x000000000800199c                HAL_I2C_MspDeInit
 .text.HAL_TIM_Base_MspInit
                0x00000000080019e4       0x30 ./Core/Src/stm32f4xx_hal_msp.o
                0x00000000080019e4                HAL_TIM_Base_MspInit
 .text.HAL_TIM_MspPostInit
                0x0000000008001a14       0x58 ./Core/Src/stm32f4xx_hal_msp.o
                0x0000000008001a14                HAL_TIM_MspPostInit
 .text.HAL_UART_MspInit
                0x0000000008001a6c       0xd4 ./Core/Src/stm32f4xx_hal_msp.o
                0x0000000008001a6c                HAL_UART_MspInit
 .text.HAL_InitTick
                0x0000000008001b40       0xa0 ./Core/Src/stm32f4xx_hal_timebase_tim.o
                0x0000000008001b40                HAL_InitTick
 .text.NMI_Handler
                0x0000000008001be0        0x2 ./Core/Src/stm32f4xx_it.o
                0x0000000008001be0                NMI_Handler
 .text.HardFault_Handler
                0x0000000008001be2        0x2 ./Core/Src/stm32f4xx_it.o
                0x0000000008001be2                HardFault_Handler
 .text.MemManage_Handler
                0x0000000008001be4        0x2 ./Core/Src/stm32f4xx_it.o
                0x0000000008001be4                MemManage_Handler
 .text.BusFault_Handler
                0x0000000008001be6        0x2 ./Core/Src/stm32f4xx_it.o
                0x0000000008001be6                BusFault_Handler
 .text.UsageFault_Handler
                0x0000000008001be8        0x2 ./Core/Src/stm32f4xx_it.o
                0x0000000008001be8                UsageFault_Handler
 .text.DebugMon_Handler
                0x0000000008001bea        0x2 ./Core/Src/stm32f4xx_it.o
                0x0000000008001bea                DebugMon_Handler
 .text.DMA1_Stream0_IRQHandler
                0x0000000008001bec        0xc ./Core/Src/stm32f4xx_it.o
                0x0000000008001bec                DMA1_Stream0_IRQHandler
 .text.ADC_IRQHandler
                0x0000000008001bf8        0xc ./Core/Src/stm32f4xx_it.o
                0x0000000008001bf8                ADC_IRQHandler
 .text.I2C1_EV_IRQHandler
                0x0000000008001c04        0xc ./Core/Src/stm32f4xx_it.o
                0x0000000008001c04                I2C1_EV_IRQHandler
 .text.USART3_IRQHandler
                0x0000000008001c10        0xc ./Core/Src/stm32f4xx_it.o
                0x0000000008001c10                USART3_IRQHandler
 .text.TIM6_DAC_IRQHandler
                0x0000000008001c1c        0xc ./Core/Src/stm32f4xx_it.o
                0x0000000008001c1c                TIM6_DAC_IRQHandler
 .text.ETH_IRQHandler
                0x0000000008001c28        0xc ./Core/Src/stm32f4xx_it.o
                0x0000000008001c28                ETH_IRQHandler
 .text._getpid  0x0000000008001c34        0x4 ./Core/Src/syscalls.o
                0x0000000008001c34                _getpid
 .text._kill    0x0000000008001c38       0x10 ./Core/Src/syscalls.o
                0x0000000008001c38                _kill
 .text._exit    0x0000000008001c48        0xc ./Core/Src/syscalls.o
                0x0000000008001c48                _exit
 .text._read    0x0000000008001c54       0x1c ./Core/Src/syscalls.o
                0x0000000008001c54                _read
 .text._write   0x0000000008001c70       0x1c ./Core/Src/syscalls.o
                0x0000000008001c70                _write
 .text._close   0x0000000008001c8c        0x6 ./Core/Src/syscalls.o
                0x0000000008001c8c                _close
 .text._fstat   0x0000000008001c92        0xa ./Core/Src/syscalls.o
                0x0000000008001c92                _fstat
 .text._isatty  0x0000000008001c9c        0x4 ./Core/Src/syscalls.o
                0x0000000008001c9c                _isatty
 .text._lseek   0x0000000008001ca0        0x4 ./Core/Src/syscalls.o
                0x0000000008001ca0                _lseek
 .text._sbrk    0x0000000008001ca4       0x40 ./Core/Src/sysmem.o
                0x0000000008001ca4                _sbrk
 .text.SystemInit
                0x0000000008001ce4       0x14 ./Core/Src/system_stm32f4xx.o
                0x0000000008001ce4                SystemInit
 .text.Reset_Handler
                0x0000000008001cf8       0x50 ./Core/Startup/startup_stm32f429zitx.o
                0x0000000008001cf8                Reset_Handler
 .text.Default_Handler
                0x0000000008001d48        0x2 ./Core/Startup/startup_stm32f429zitx.o
                0x0000000008001d48                RTC_Alarm_IRQHandler
                0x0000000008001d48                HASH_RNG_IRQHandler
                0x0000000008001d48                EXTI2_IRQHandler
                0x0000000008001d48                TIM8_CC_IRQHandler
                0x0000000008001d48                UART8_IRQHandler
                0x0000000008001d48                SPI4_IRQHandler
                0x0000000008001d48                TIM1_CC_IRQHandler
                0x0000000008001d48                DMA2_Stream5_IRQHandler
                0x0000000008001d48                DMA1_Stream5_IRQHandler
                0x0000000008001d48                SysTick_Handler
                0x0000000008001d48                PVD_IRQHandler
                0x0000000008001d48                SDIO_IRQHandler
                0x0000000008001d48                TAMP_STAMP_IRQHandler
                0x0000000008001d48                PendSV_Handler
                0x0000000008001d48                CAN2_RX1_IRQHandler
                0x0000000008001d48                EXTI3_IRQHandler
                0x0000000008001d48                TIM8_TRG_COM_TIM14_IRQHandler
                0x0000000008001d48                TIM1_UP_TIM10_IRQHandler
                0x0000000008001d48                TIM8_UP_TIM13_IRQHandler
                0x0000000008001d48                I2C3_ER_IRQHandler
                0x0000000008001d48                EXTI0_IRQHandler
                0x0000000008001d48                I2C2_EV_IRQHandler
                0x0000000008001d48                DMA1_Stream2_IRQHandler
                0x0000000008001d48                CAN1_RX0_IRQHandler
                0x0000000008001d48                FPU_IRQHandler
                0x0000000008001d48                OTG_HS_WKUP_IRQHandler
                0x0000000008001d48                LTDC_ER_IRQHandler
                0x0000000008001d48                CAN2_SCE_IRQHandler
                0x0000000008001d48                DMA2_Stream2_IRQHandler
                0x0000000008001d48                SPI1_IRQHandler
                0x0000000008001d48                TIM1_BRK_TIM9_IRQHandler
                0x0000000008001d48                DCMI_IRQHandler
                0x0000000008001d48                CAN2_RX0_IRQHandler
                0x0000000008001d48                DMA2_Stream3_IRQHandler
                0x0000000008001d48                USART6_IRQHandler
                0x0000000008001d48                CAN1_RX1_IRQHandler
                0x0000000008001d48                UART5_IRQHandler
                0x0000000008001d48                DMA2_Stream0_IRQHandler
                0x0000000008001d48                TIM4_IRQHandler
                0x0000000008001d48                DMA1_Stream6_IRQHandler
                0x0000000008001d48                DMA1_Stream1_IRQHandler
                0x0000000008001d48                UART4_IRQHandler
                0x0000000008001d48                TIM3_IRQHandler
                0x0000000008001d48                RCC_IRQHandler
                0x0000000008001d48                TIM8_BRK_TIM12_IRQHandler
                0x0000000008001d48                Default_Handler
                0x0000000008001d48                EXTI15_10_IRQHandler
                0x0000000008001d48                DMA1_Stream7_IRQHandler
                0x0000000008001d48                SPI5_IRQHandler
                0x0000000008001d48                TIM7_IRQHandler
                0x0000000008001d48                CAN2_TX_IRQHandler
                0x0000000008001d48                TIM5_IRQHandler
                0x0000000008001d48                DMA2_Stream7_IRQHandler
                0x0000000008001d48                I2C3_EV_IRQHandler
                0x0000000008001d48                EXTI9_5_IRQHandler
                0x0000000008001d48                RTC_WKUP_IRQHandler
                0x0000000008001d48                LTDC_IRQHandler
                0x0000000008001d48                ETH_WKUP_IRQHandler
                0x0000000008001d48                SPI2_IRQHandler
                0x0000000008001d48                OTG_HS_EP1_IN_IRQHandler
                0x0000000008001d48                CAN1_TX_IRQHandler
                0x0000000008001d48                SVC_Handler
                0x0000000008001d48                EXTI4_IRQHandler
                0x0000000008001d48                OTG_HS_EP1_OUT_IRQHandler
                0x0000000008001d48                WWDG_IRQHandler
                0x0000000008001d48                SPI6_IRQHandler
                0x0000000008001d48                TIM2_IRQHandler
                0x0000000008001d48                OTG_FS_WKUP_IRQHandler
                0x0000000008001d48                TIM1_TRG_COM_TIM11_IRQHandler
                0x0000000008001d48                OTG_HS_IRQHandler
                0x0000000008001d48                DMA2D_IRQHandler
                0x0000000008001d48                EXTI1_IRQHandler
                0x0000000008001d48                UART7_IRQHandler
                0x0000000008001d48                USART2_IRQHandler
                0x0000000008001d48                I2C2_ER_IRQHandler
                0x0000000008001d48                DMA2_Stream1_IRQHandler
                0x0000000008001d48                CAN1_SCE_IRQHandler
                0x0000000008001d48                FLASH_IRQHandler
                0x0000000008001d48                DMA2_Stream4_IRQHandler
                0x0000000008001d48                USART1_IRQHandler
                0x0000000008001d48                OTG_FS_IRQHandler
                0x0000000008001d48                SPI3_IRQHandler
                0x0000000008001d48                DMA1_Stream4_IRQHandler
                0x0000000008001d48                I2C1_ER_IRQHandler
                0x0000000008001d48                FMC_IRQHandler
                0x0000000008001d48                DMA2_Stream6_IRQHandler
                0x0000000008001d48                SAI1_IRQHandler
                0x0000000008001d48                DMA1_Stream3_IRQHandler
 .text.LAN8742_RegisterBusIO
                0x0000000008001d4a       0x28 ./Drivers/BSP/Components/lan8742/lan8742.o
                0x0000000008001d4a                LAN8742_RegisterBusIO
 .text.LAN8742_Init
                0x0000000008001d72       0xc2 ./Drivers/BSP/Components/lan8742/lan8742.o
                0x0000000008001d72                LAN8742_Init
 .text.LAN8742_GetLinkState
                0x0000000008001e34       0x94 ./Drivers/BSP/Components/lan8742/lan8742.o
                0x0000000008001e34                LAN8742_GetLinkState
 .text.HAL_Init
                0x0000000008001ec8       0x34 ./Drivers/STM32F4xx_HAL_Driver/Src/stm32f4xx_hal.o
                0x0000000008001ec8                HAL_Init
 .text.HAL_IncTick
                0x0000000008001efc       0x18 ./Drivers/STM32F4xx_HAL_Driver/Src/stm32f4xx_hal.o
                0x0000000008001efc                HAL_IncTick
 .text.HAL_GetTick
                0x0000000008001f14        0xc ./Drivers/STM32F4xx_HAL_Driver/Src/stm32f4xx_hal.o
                0x0000000008001f14                HAL_GetTick
 .text.HAL_Delay
                0x0000000008001f20       0x28 ./Drivers/STM32F4xx_HAL_Driver/Src/stm32f4xx_hal.o
                0x0000000008001f20                HAL_Delay
 .text.HAL_ADC_Init
                0x0000000008001f48      0x14c ./Drivers/STM32F4xx_HAL_Driver/Src/stm32f4xx_hal_adc.o
                0x0000000008001f48                HAL_ADC_Init
 .text.HAL_ADC_Start_IT
                0x0000000008002094      0x11c ./Drivers/STM32F4xx_HAL_Driver/Src/stm32f4xx_hal_adc.o
                0x0000000008002094                HAL_ADC_Start_IT
 .text.HAL_ADC_GetValue
                0x00000000080021b0        0x6 ./Drivers/STM32F4xx_HAL_Driver/Src/stm32f4xx_hal_adc.o
                0x00000000080021b0                HAL_ADC_GetValue
 .text.HAL_ADC_LevelOutOfWindowCallback
                0x00000000080021b6        0x2 ./Drivers/STM32F4xx_HAL_Driver/Src/stm32f4xx_hal_adc.o
                0x00000000080021b6                HAL_ADC_LevelOutOfWindowCallback
 .text.HAL_ADC_ErrorCallback
                0x00000000080021b8        0x2 ./Drivers/STM32F4xx_HAL_Driver/Src/stm32f4xx_hal_adc.o
                0x00000000080021b8                HAL_ADC_ErrorCallback
 .text.HAL_ADC_IRQHandler
                0x00000000080021ba      0x11c ./Drivers/STM32F4xx_HAL_Driver/Src/stm32f4xx_hal_adc.o
                0x00000000080021ba                HAL_ADC_IRQHandler
 *fill*         0x00000000080022d6        0x2 
 .text.HAL_ADC_ConfigChannel
                0x00000000080022d8      0x134 ./Drivers/STM32F4xx_HAL_Driver/Src/stm32f4xx_hal_adc.o
                0x00000000080022d8                HAL_ADC_ConfigChannel
 .text.HAL_ADCEx_InjectedConvCpltCallback
                0x000000000800240c        0x2 ./Drivers/STM32F4xx_HAL_Driver/Src/stm32f4xx_hal_adc_ex.o
                0x000000000800240c                HAL_ADCEx_InjectedConvCpltCallback
 *fill*         0x000000000800240e        0x2 
 .text.HAL_NVIC_SetPriorityGrouping
                0x0000000008002410       0x24 ./Drivers/STM32F4xx_HAL_Driver/Src/stm32f4xx_hal_cortex.o
                0x0000000008002410                HAL_NVIC_SetPriorityGrouping
 .text.HAL_NVIC_SetPriority
                0x0000000008002434       0x64 ./Drivers/STM32F4xx_HAL_Driver/Src/stm32f4xx_hal_cortex.o
                0x0000000008002434                HAL_NVIC_SetPriority
 .text.HAL_NVIC_EnableIRQ
                0x0000000008002498       0x1c ./Drivers/STM32F4xx_HAL_Driver/Src/stm32f4xx_hal_cortex.o
                0x0000000008002498                HAL_NVIC_EnableIRQ
 .text.HAL_NVIC_DisableIRQ
                0x00000000080024b4       0x24 ./Drivers/STM32F4xx_HAL_Driver/Src/stm32f4xx_hal_cortex.o
                0x00000000080024b4                HAL_NVIC_DisableIRQ
 .text.DMA_CalcBaseAndBitshift
                0x00000000080024d8       0x2c ./Drivers/STM32F4xx_HAL_Driver/Src/stm32f4xx_hal_dma.o
 .text.HAL_DMA_Init
                0x0000000008002504       0xfc ./Drivers/STM32F4xx_HAL_Driver/Src/stm32f4xx_hal_dma.o
                0x0000000008002504                HAL_DMA_Init
 .text.HAL_DMA_DeInit
                0x0000000008002600       0x54 ./Drivers/STM32F4xx_HAL_Driver/Src/stm32f4xx_hal_dma.o
                0x0000000008002600                HAL_DMA_DeInit
 .text.HAL_DMA_Start_IT
                0x0000000008002654       0x74 ./Drivers/STM32F4xx_HAL_Driver/Src/stm32f4xx_hal_dma.o
                0x0000000008002654                HAL_DMA_Start_IT
 .text.HAL_DMA_Abort
                0x00000000080026c8       0x7e ./Drivers/STM32F4xx_HAL_Driver/Src/stm32f4xx_hal_dma.o
                0x00000000080026c8                HAL_DMA_Abort
 .text.HAL_DMA_Abort_IT
                0x0000000008002746       0x24 ./Drivers/STM32F4xx_HAL_Driver/Src/stm32f4xx_hal_dma.o
                0x0000000008002746                HAL_DMA_Abort_IT
 *fill*         0x000000000800276a        0x2 
 .text.HAL_DMA_IRQHandler
                0x000000000800276c      0x17c ./Drivers/STM32F4xx_HAL_Driver/Src/stm32f4xx_hal_dma.o
                0x000000000800276c                HAL_DMA_IRQHandler
 .text.HAL_DMA_GetState
                0x00000000080028e8        0x6 ./Drivers/STM32F4xx_HAL_Driver/Src/stm32f4xx_hal_dma.o
                0x00000000080028e8                HAL_DMA_GetState
 .text.HAL_DMA_GetError
                0x00000000080028ee        0x4 ./Drivers/STM32F4xx_HAL_Driver/Src/stm32f4xx_hal_dma.o
                0x00000000080028ee                HAL_DMA_GetError
 *fill*         0x00000000080028f2        0x2 
 .text.ETH_Prepare_Tx_Descriptors
                0x00000000080028f4      0x150 ./Drivers/STM32F4xx_HAL_Driver/Src/stm32f4xx_hal_eth.o
 .text.ETH_SetMACConfig
                0x0000000008002a44       0xe4 ./Drivers/STM32F4xx_HAL_Driver/Src/stm32f4xx_hal_eth.o
 .text.ETH_SetDMAConfig
                0x0000000008002b28       0xa4 ./Drivers/STM32F4xx_HAL_Driver/Src/stm32f4xx_hal_eth.o
 .text.ETH_FlushTransmitFIFO
                0x0000000008002bcc       0x2e ./Drivers/STM32F4xx_HAL_Driver/Src/stm32f4xx_hal_eth.o
 *fill*         0x0000000008002bfa        0x2 
 .text.ETH_UpdateDescriptor
                0x0000000008002bfc       0x9c ./Drivers/STM32F4xx_HAL_Driver/Src/stm32f4xx_hal_eth.o
 .text.HAL_ETH_Init
                0x0000000008002c98      0x1d4 ./Drivers/STM32F4xx_HAL_Driver/Src/stm32f4xx_hal_eth.o
                0x0000000008002c98                HAL_ETH_Init
 .text.HAL_ETH_Start_IT
                0x0000000008002e6c       0xa4 ./Drivers/STM32F4xx_HAL_Driver/Src/stm32f4xx_hal_eth.o
                0x0000000008002e6c                HAL_ETH_Start_IT
 .text.HAL_ETH_Stop_IT
                0x0000000008002f10       0x8a ./Drivers/STM32F4xx_HAL_Driver/Src/stm32f4xx_hal_eth.o
                0x0000000008002f10                HAL_ETH_Stop_IT
 .text.HAL_ETH_Transmit_IT
                0x0000000008002f9a       0x62 ./Drivers/STM32F4xx_HAL_Driver/Src/stm32f4xx_hal_eth.o
                0x0000000008002f9a                HAL_ETH_Transmit_IT
 .text.HAL_ETH_ReadData
                0x0000000008002ffc       0xf6 ./Drivers/STM32F4xx_HAL_Driver/Src/stm32f4xx_hal_eth.o
                0x0000000008002ffc                HAL_ETH_ReadData
 .text.HAL_ETH_ReleaseTxPacket
                0x00000000080030f2       0x56 ./Drivers/STM32F4xx_HAL_Driver/Src/stm32f4xx_hal_eth.o
                0x00000000080030f2                HAL_ETH_ReleaseTxPacket
 .text.HAL_ETH_PMTCallback
                0x0000000008003148        0x2 ./Drivers/STM32F4xx_HAL_Driver/Src/stm32f4xx_hal_eth.o
                0x0000000008003148                HAL_ETH_PMTCallback
 .text.HAL_ETH_WakeUpCallback
                0x000000000800314a        0x2 ./Drivers/STM32F4xx_HAL_Driver/Src/stm32f4xx_hal_eth.o
                0x000000000800314a                HAL_ETH_WakeUpCallback
 .text.HAL_ETH_IRQHandler
                0x000000000800314c       0xd8 ./Drivers/STM32F4xx_HAL_Driver/Src/stm32f4xx_hal_eth.o
                0x000000000800314c                HAL_ETH_IRQHandler
 .text.HAL_ETH_ReadPHYRegister
                0x0000000008003224       0x50 ./Drivers/STM32F4xx_HAL_Driver/Src/stm32f4xx_hal_eth.o
                0x0000000008003224                HAL_ETH_ReadPHYRegister
 .text.HAL_ETH_WritePHYRegister
                0x0000000008003274       0x4a ./Drivers/STM32F4xx_HAL_Driver/Src/stm32f4xx_hal_eth.o
                0x0000000008003274                HAL_ETH_WritePHYRegister
 .text.HAL_ETH_GetMACConfig
                0x00000000080032be       0xc4 ./Drivers/STM32F4xx_HAL_Driver/Src/stm32f4xx_hal_eth.o
                0x00000000080032be                HAL_ETH_GetMACConfig
 .text.HAL_ETH_SetMACConfig
                0x0000000008003382       0x18 ./Drivers/STM32F4xx_HAL_Driver/Src/stm32f4xx_hal_eth.o
                0x0000000008003382                HAL_ETH_SetMACConfig
 *fill*         0x000000000800339a        0x2 
 .text.HAL_ETH_SetMDIOClockRange
                0x000000000800339c       0x74 ./Drivers/STM32F4xx_HAL_Driver/Src/stm32f4xx_hal_eth.o
                0x000000000800339c                HAL_ETH_SetMDIOClockRange
 .text.HAL_ETH_GetDMAError
                0x0000000008003410        0x6 ./Drivers/STM32F4xx_HAL_Driver/Src/stm32f4xx_hal_eth.o
                0x0000000008003410                HAL_ETH_GetDMAError
 *fill*         0x0000000008003416        0x2 
 .text.HAL_GPIO_Init
                0x0000000008003418      0x1cc ./Drivers/STM32F4xx_HAL_Driver/Src/stm32f4xx_hal_gpio.o
                0x0000000008003418                HAL_GPIO_Init
 .text.HAL_GPIO_DeInit
                0x00000000080035e4      0x140 ./Drivers/STM32F4xx_HAL_Driver/Src/stm32f4xx_hal_gpio.o
                0x00000000080035e4                HAL_GPIO_DeInit
 .text.HAL_GPIO_WritePin
                0x0000000008003724        0xa ./Drivers/STM32F4xx_HAL_Driver/Src/stm32f4xx_hal_gpio.o
                0x0000000008003724                HAL_GPIO_WritePin
 .text.I2C_IsAcknowledgeFailed
                0x000000000800372e       0x34 ./Drivers/STM32F4xx_HAL_Driver/Src/stm32f4xx_hal_i2c.o
 .text.I2C_WaitOnFlagUntilTimeout
                0x0000000008003762       0x80 ./Drivers/STM32F4xx_HAL_Driver/Src/stm32f4xx_hal_i2c.o
 .text.I2C_WaitOnMasterAddressFlagUntilTimeout
                0x00000000080037e2       0x84 ./Drivers/STM32F4xx_HAL_Driver/Src/stm32f4xx_hal_i2c.o
 .text.I2C_WaitOnTXEFlagUntilTimeout
                0x0000000008003866       0x54 ./Drivers/STM32F4xx_HAL_Driver/Src/stm32f4xx_hal_i2c.o
 *fill*         0x00000000080038ba        0x2 
 .text.I2C_RequestMemoryRead
                0x00000000080038bc      0x104 ./Drivers/STM32F4xx_HAL_Driver/Src/stm32f4xx_hal_i2c.o
 .text.I2C_WaitOnBTFFlagUntilTimeout
                0x00000000080039c0       0x54 ./Drivers/STM32F4xx_HAL_Driver/Src/stm32f4xx_hal_i2c.o
 .text.I2C_WaitOnRXNEFlagUntilTimeout
                0x0000000008003a14       0x66 ./Drivers/STM32F4xx_HAL_Driver/Src/stm32f4xx_hal_i2c.o
 *fill*         0x0000000008003a7a        0x2 
 .text.HAL_I2C_Init
                0x0000000008003a7c      0x150 ./Drivers/STM32F4xx_HAL_Driver/Src/stm32f4xx_hal_i2c.o
                0x0000000008003a7c                HAL_I2C_Init
 .text.HAL_I2C_DeInit
                0x0000000008003bcc       0x32 ./Drivers/STM32F4xx_HAL_Driver/Src/stm32f4xx_hal_i2c.o
                0x0000000008003bcc                HAL_I2C_DeInit
 *fill*         0x0000000008003bfe        0x2 
 .text.HAL_I2C_Master_Transmit
                0x0000000008003c00      0x1b0 ./Drivers/STM32F4xx_HAL_Driver/Src/stm32f4xx_hal_i2c.o
                0x0000000008003c00                HAL_I2C_Master_Transmit
 .text.HAL_I2C_Master_Receive_DMA
                0x0000000008003db0      0x140 ./Drivers/STM32F4xx_HAL_Driver/Src/stm32f4xx_hal_i2c.o
                0x0000000008003db0                HAL_I2C_Master_Receive_DMA
 .text.HAL_I2C_Mem_Read
                0x0000000008003ef0      0x220 ./Drivers/STM32F4xx_HAL_Driver/Src/stm32f4xx_hal_i2c.o
                0x0000000008003ef0                HAL_I2C_Mem_Read
 .text.HAL_I2C_MasterTxCpltCallback
                0x0000000008004110        0x2 ./Drivers/STM32F4xx_HAL_Driver/Src/stm32f4xx_hal_i2c.o
                0x0000000008004110                HAL_I2C_MasterTxCpltCallback
 .text.HAL_I2C_SlaveTxCpltCallback
                0x0000000008004112        0x2 ./Drivers/STM32F4xx_HAL_Driver/Src/stm32f4xx_hal_i2c.o
                0x0000000008004112                HAL_I2C_SlaveTxCpltCallback
 .text.HAL_I2C_SlaveRxCpltCallback
                0x0000000008004114        0x2 ./Drivers/STM32F4xx_HAL_Driver/Src/stm32f4xx_hal_i2c.o
                0x0000000008004114                HAL_I2C_SlaveRxCpltCallback
 .text.HAL_I2C_AddrCallback
                0x0000000008004116        0x2 ./Drivers/STM32F4xx_HAL_Driver/Src/stm32f4xx_hal_i2c.o
                0x0000000008004116                HAL_I2C_AddrCallback
 .text.HAL_I2C_ListenCpltCallback
                0x0000000008004118        0x2 ./Drivers/STM32F4xx_HAL_Driver/Src/stm32f4xx_hal_i2c.o
                0x0000000008004118                HAL_I2C_ListenCpltCallback
 .text.HAL_I2C_MemTxCpltCallback
                0x000000000800411a        0x2 ./Drivers/STM32F4xx_HAL_Driver/Src/stm32f4xx_hal_i2c.o
                0x000000000800411a                HAL_I2C_MemTxCpltCallback
 .text.I2C_MemoryTransmit_TXE_BTF
                0x000000000800411c       0xb0 ./Drivers/STM32F4xx_HAL_Driver/Src/stm32f4xx_hal_i2c.o
 .text.HAL_I2C_MemRxCpltCallback
                0x00000000080041cc        0x2 ./Drivers/STM32F4xx_HAL_Driver/Src/stm32f4xx_hal_i2c.o
                0x00000000080041cc                HAL_I2C_MemRxCpltCallback
 .text.HAL_I2C_ErrorCallback
                0x00000000080041ce        0x2 ./Drivers/STM32F4xx_HAL_Driver/Src/stm32f4xx_hal_i2c.o
                0x00000000080041ce                HAL_I2C_ErrorCallback
 .text.I2C_DMAError
                0x00000000080041d0       0x44 ./Drivers/STM32F4xx_HAL_Driver/Src/stm32f4xx_hal_i2c.o
 .text.I2C_DMAXferCplt
                0x0000000008004214      0x114 ./Drivers/STM32F4xx_HAL_Driver/Src/stm32f4xx_hal_i2c.o
 .text.HAL_I2C_AbortCpltCallback
                0x0000000008004328        0x2 ./Drivers/STM32F4xx_HAL_Driver/Src/stm32f4xx_hal_i2c.o
                0x0000000008004328                HAL_I2C_AbortCpltCallback
 *fill*         0x000000000800432a        0x2 
 .text.I2C_DMAAbort
                0x000000000800432c       0xc0 ./Drivers/STM32F4xx_HAL_Driver/Src/stm32f4xx_hal_i2c.o
 .text.I2C_ITError
                0x00000000080043ec      0x150 ./Drivers/STM32F4xx_HAL_Driver/Src/stm32f4xx_hal_i2c.o
 .text.HAL_I2C_EV_IRQHandler
                0x000000000800453c      0x89c ./Drivers/STM32F4xx_HAL_Driver/Src/stm32f4xx_hal_i2c.o
                0x000000000800453c                HAL_I2C_EV_IRQHandler
 .text.HAL_I2CEx_ConfigAnalogFilter
                0x0000000008004dd8       0x3e ./Drivers/STM32F4xx_HAL_Driver/Src/stm32f4xx_hal_i2c_ex.o
                0x0000000008004dd8                HAL_I2CEx_ConfigAnalogFilter
 .text.HAL_I2CEx_ConfigDigitalFilter
                0x0000000008004e16       0x3e ./Drivers/STM32F4xx_HAL_Driver/Src/stm32f4xx_hal_i2c_ex.o
                0x0000000008004e16                HAL_I2CEx_ConfigDigitalFilter
 .text.HAL_PWREx_EnableOverDrive
                0x0000000008004e54       0x74 ./Drivers/STM32F4xx_HAL_Driver/Src/stm32f4xx_hal_pwr_ex.o
                0x0000000008004e54                HAL_PWREx_EnableOverDrive
 .text.HAL_RCC_OscConfig
                0x0000000008004ec8      0x358 ./Drivers/STM32F4xx_HAL_Driver/Src/stm32f4xx_hal_rcc.o
                0x0000000008004ec8                HAL_RCC_OscConfig
 .text.HAL_RCC_GetSysClockFreq
                0x0000000008005220       0x5c ./Drivers/STM32F4xx_HAL_Driver/Src/stm32f4xx_hal_rcc.o
                0x0000000008005220                HAL_RCC_GetSysClockFreq
 .text.HAL_RCC_ClockConfig
                0x000000000800527c      0x134 ./Drivers/STM32F4xx_HAL_Driver/Src/stm32f4xx_hal_rcc.o
                0x000000000800527c                HAL_RCC_ClockConfig
 .text.HAL_RCC_GetHCLKFreq
                0x00000000080053b0        0xc ./Drivers/STM32F4xx_HAL_Driver/Src/stm32f4xx_hal_rcc.o
                0x00000000080053b0                HAL_RCC_GetHCLKFreq
 .text.HAL_RCC_GetPCLK1Freq
                0x00000000080053bc       0x20 ./Drivers/STM32F4xx_HAL_Driver/Src/stm32f4xx_hal_rcc.o
                0x00000000080053bc                HAL_RCC_GetPCLK1Freq
 .text.HAL_RCC_GetPCLK2Freq
                0x00000000080053dc       0x20 ./Drivers/STM32F4xx_HAL_Driver/Src/stm32f4xx_hal_rcc.o
                0x00000000080053dc                HAL_RCC_GetPCLK2Freq
 .text.HAL_RCC_GetClockConfig
                0x00000000080053fc       0x3c ./Drivers/STM32F4xx_HAL_Driver/Src/stm32f4xx_hal_rcc.o
                0x00000000080053fc                HAL_RCC_GetClockConfig
 .text.TIM_OC1_SetConfig
                0x0000000008005438       0x64 ./Drivers/STM32F4xx_HAL_Driver/Src/stm32f4xx_hal_tim.o
 .text.TIM_OC3_SetConfig
                0x000000000800549c       0x6c ./Drivers/STM32F4xx_HAL_Driver/Src/stm32f4xx_hal_tim.o
 .text.TIM_OC4_SetConfig
                0x0000000008005508       0x4c ./Drivers/STM32F4xx_HAL_Driver/Src/stm32f4xx_hal_tim.o
 .text.HAL_TIM_Base_Start_IT
                0x0000000008005554       0x74 ./Drivers/STM32F4xx_HAL_Driver/Src/stm32f4xx_hal_tim.o
                0x0000000008005554                HAL_TIM_Base_Start_IT
 .text.HAL_TIM_PWM_MspInit
                0x00000000080055c8        0x2 ./Drivers/STM32F4xx_HAL_Driver/Src/stm32f4xx_hal_tim.o
                0x00000000080055c8                HAL_TIM_PWM_MspInit
 .text.HAL_TIM_OC_DelayElapsedCallback
                0x00000000080055ca        0x2 ./Drivers/STM32F4xx_HAL_Driver/Src/stm32f4xx_hal_tim.o
                0x00000000080055ca                HAL_TIM_OC_DelayElapsedCallback
 .text.HAL_TIM_IC_CaptureCallback
                0x00000000080055cc        0x2 ./Drivers/STM32F4xx_HAL_Driver/Src/stm32f4xx_hal_tim.o
                0x00000000080055cc                HAL_TIM_IC_CaptureCallback
 .text.HAL_TIM_PWM_PulseFinishedCallback
                0x00000000080055ce        0x2 ./Drivers/STM32F4xx_HAL_Driver/Src/stm32f4xx_hal_tim.o
                0x00000000080055ce                HAL_TIM_PWM_PulseFinishedCallback
 .text.HAL_TIM_TriggerCallback
                0x00000000080055d0        0x2 ./Drivers/STM32F4xx_HAL_Driver/Src/stm32f4xx_hal_tim.o
                0x00000000080055d0                HAL_TIM_TriggerCallback
 .text.HAL_TIM_IRQHandler
                0x00000000080055d2      0x128 ./Drivers/STM32F4xx_HAL_Driver/Src/stm32f4xx_hal_tim.o
                0x00000000080055d2                HAL_TIM_IRQHandler
 *fill*         0x00000000080056fa        0x2 
 .text.TIM_Base_SetConfig
                0x00000000080056fc       0xd8 ./Drivers/STM32F4xx_HAL_Driver/Src/stm32f4xx_hal_tim.o
                0x00000000080056fc                TIM_Base_SetConfig
 .text.HAL_TIM_Base_Init
                0x00000000080057d4       0x58 ./Drivers/STM32F4xx_HAL_Driver/Src/stm32f4xx_hal_tim.o
                0x00000000080057d4                HAL_TIM_Base_Init
 .text.HAL_TIM_PWM_Init
                0x000000000800582c       0x58 ./Drivers/STM32F4xx_HAL_Driver/Src/stm32f4xx_hal_tim.o
                0x000000000800582c                HAL_TIM_PWM_Init
 .text.TIM_OC2_SetConfig
                0x0000000008005884       0x6c ./Drivers/STM32F4xx_HAL_Driver/Src/stm32f4xx_hal_tim.o
                0x0000000008005884                TIM_OC2_SetConfig
 .text.HAL_TIM_PWM_ConfigChannel
                0x00000000080058f0       0xb2 ./Drivers/STM32F4xx_HAL_Driver/Src/stm32f4xx_hal_tim.o
                0x00000000080058f0                HAL_TIM_PWM_ConfigChannel
 .text.TIM_CCxChannelCmd
                0x00000000080059a2       0x1c ./Drivers/STM32F4xx_HAL_Driver/Src/stm32f4xx_hal_tim.o
                0x00000000080059a2                TIM_CCxChannelCmd
 *fill*         0x00000000080059be        0x2 
 .text.HAL_TIM_OC_Start
                0x00000000080059c0       0xcc ./Drivers/STM32F4xx_HAL_Driver/Src/stm32f4xx_hal_tim.o
                0x00000000080059c0                HAL_TIM_OC_Start
 .text.HAL_TIM_PWM_Start
                0x0000000008005a8c        0x4 ./Drivers/STM32F4xx_HAL_Driver/Src/stm32f4xx_hal_tim.o
                0x0000000008005a8c                HAL_TIM_PWM_Start
 .text.HAL_TIMEx_CommutCallback
                0x0000000008005a90        0x2 ./Drivers/STM32F4xx_HAL_Driver/Src/stm32f4xx_hal_tim_ex.o
                0x0000000008005a90                HAL_TIMEx_CommutCallback
 .text.HAL_TIMEx_BreakCallback
                0x0000000008005a92        0x2 ./Drivers/STM32F4xx_HAL_Driver/Src/stm32f4xx_hal_tim_ex.o
                0x0000000008005a92                HAL_TIMEx_BreakCallback
 .text.UART_EndRxTransfer
                0x0000000008005a94       0x5c ./Drivers/STM32F4xx_HAL_Driver/Src/stm32f4xx_hal_uart.o
 .text.UART_SetConfig
                0x0000000008005af0       0xbc ./Drivers/STM32F4xx_HAL_Driver/Src/stm32f4xx_hal_uart.o
 .text.UART_WaitOnFlagUntilTimeout.constprop.0
                0x0000000008005bac       0x64 ./Drivers/STM32F4xx_HAL_Driver/Src/stm32f4xx_hal_uart.o
 .text.HAL_UART_Init
                0x0000000008005c10       0x5e ./Drivers/STM32F4xx_HAL_Driver/Src/stm32f4xx_hal_uart.o
                0x0000000008005c10                HAL_UART_Init
 .text.HAL_HalfDuplex_Init
                0x0000000008005c6e       0x66 ./Drivers/STM32F4xx_HAL_Driver/Src/stm32f4xx_hal_uart.o
                0x0000000008005c6e                HAL_HalfDuplex_Init
 .text.HAL_UART_Transmit
                0x0000000008005cd4       0x9c ./Drivers/STM32F4xx_HAL_Driver/Src/stm32f4xx_hal_uart.o
                0x0000000008005cd4                HAL_UART_Transmit
 .text.HAL_UART_TxCpltCallback
                0x0000000008005d70        0x2 ./Drivers/STM32F4xx_HAL_Driver/Src/stm32f4xx_hal_uart.o
                0x0000000008005d70                HAL_UART_TxCpltCallback
 .text.HAL_UART_ErrorCallback
                0x0000000008005d72        0x2 ./Drivers/STM32F4xx_HAL_Driver/Src/stm32f4xx_hal_uart.o
                0x0000000008005d72                HAL_UART_ErrorCallback
 .text.UART_DMAAbortOnError
                0x0000000008005d74       0x10 ./Drivers/STM32F4xx_HAL_Driver/Src/stm32f4xx_hal_uart.o
 .text.HAL_UARTEx_RxEventCallback
                0x0000000008005d84        0x2 ./Drivers/STM32F4xx_HAL_Driver/Src/stm32f4xx_hal_uart.o
                0x0000000008005d84                HAL_UARTEx_RxEventCallback
 .text.UART_Receive_IT.isra.0
                0x0000000008005d86       0xb6 ./Drivers/STM32F4xx_HAL_Driver/Src/stm32f4xx_hal_uart.o
 .text.HAL_UART_IRQHandler
                0x0000000008005e3c      0x294 ./Drivers/STM32F4xx_HAL_Driver/Src/stm32f4xx_hal_uart.o
                0x0000000008005e3c                HAL_UART_IRQHandler
 .text.UART_Start_Receive_IT
                0x00000000080060d0       0x32 ./Drivers/STM32F4xx_HAL_Driver/Src/stm32f4xx_hal_uart.o
                0x00000000080060d0                UART_Start_Receive_IT
 .text.HAL_UART_Receive_IT
                0x0000000008006102       0x22 ./Drivers/STM32F4xx_HAL_Driver/Src/stm32f4xx_hal_uart.o
                0x0000000008006102                HAL_UART_Receive_IT
 .text.ethernet_link_status_updated
                0x0000000008006124        0x2 ./LWIP/App/lwip.o
 *fill*         0x0000000008006126        0x2 
 .text.MX_LWIP_Init
                0x0000000008006128       0xb8 ./LWIP/App/lwip.o
                0x0000000008006128                MX_LWIP_Init
 .text.ETH_PHY_IO_DeInit
                0x00000000080061e0        0x4 ./LWIP/Target/ethernetif.o
                0x00000000080061e0                ETH_PHY_IO_DeInit
 .text.low_level_output
                0x00000000080061e4       0x8c ./LWIP/Target/ethernetif.o
 .text.ETH_PHY_IO_GetTick
                0x0000000008006270        0x4 ./LWIP/Target/ethernetif.o
                0x0000000008006270                ETH_PHY_IO_GetTick
 .text.ETH_PHY_IO_Init
                0x0000000008006274       0x10 ./LWIP/Target/ethernetif.o
                0x0000000008006274                ETH_PHY_IO_Init
 .text.ETH_PHY_IO_ReadReg
                0x0000000008006284       0x1c ./LWIP/Target/ethernetif.o
                0x0000000008006284                ETH_PHY_IO_ReadReg
 .text.ETH_PHY_IO_WriteReg
                0x00000000080062a0       0x1c ./LWIP/Target/ethernetif.o
                0x00000000080062a0                ETH_PHY_IO_WriteReg
 .text.pbuf_free_custom
                0x00000000080062bc       0x30 ./LWIP/Target/ethernetif.o
                0x00000000080062bc                pbuf_free_custom
 .text.ethernetif_input
                0x00000000080062ec       0x58 ./LWIP/Target/ethernetif.o
 .text.HAL_ETH_RxCpltCallback
                0x0000000008006344        0xc ./LWIP/Target/ethernetif.o
                0x0000000008006344                HAL_ETH_RxCpltCallback
 .text.HAL_ETH_TxCpltCallback
                0x0000000008006350        0xc ./LWIP/Target/ethernetif.o
                0x0000000008006350                HAL_ETH_TxCpltCallback
 .text.HAL_ETH_ErrorCallback
                0x000000000800635c       0x1c ./LWIP/Target/ethernetif.o
                0x000000000800635c                HAL_ETH_ErrorCallback
 .text.ethernetif_init
                0x0000000008006378      0x1d8 ./LWIP/Target/ethernetif.o
                0x0000000008006378                ethernetif_init
 .text.HAL_ETH_MspInit
                0x0000000008006550      0x12c ./LWIP/Target/ethernetif.o
                0x0000000008006550                HAL_ETH_MspInit
 .text.ethernet_link_thread
                0x000000000800667c       0xa8 ./LWIP/Target/ethernetif.o
                0x000000000800667c                ethernet_link_thread
 .text.HAL_ETH_RxAllocateCallback
                0x0000000008006724       0x44 ./LWIP/Target/ethernetif.o
                0x0000000008006724                HAL_ETH_RxAllocateCallback
 .text.HAL_ETH_RxLinkCallback
                0x0000000008006768       0x32 ./LWIP/Target/ethernetif.o
                0x0000000008006768                HAL_ETH_RxLinkCallback
 .text.HAL_ETH_TxFreeCallback
                0x000000000800679a        0x4 ./LWIP/Target/ethernetif.o
                0x000000000800679a                HAL_ETH_TxFreeCallback
 *fill*         0x000000000800679e        0x2 
 .text.__assert_func
                0x00000000080067a0       0x3c C:/ST/STM32CubeIDE_1.13.2/STM32CubeIDE/plugins/com.st.stm32cube.ide.mcu.externaltools.gnu-tools-for-stm32.11.3.rel1.win32_1.1.100.202309141235/tools/bin/../lib/gcc/arm-none-eabi/11.3.1/../../../../arm-none-eabi/lib/thumb/v7e-m+fp/hard\libc_nano.a(libc_a-assert.o)
                0x00000000080067a0                __assert_func
 .text.calloc   0x00000000080067dc       0x10 C:/ST/STM32CubeIDE_1.13.2/STM32CubeIDE/plugins/com.st.stm32cube.ide.mcu.externaltools.gnu-tools-for-stm32.11.3.rel1.win32_1.1.100.202309141235/tools/bin/../lib/gcc/arm-none-eabi/11.3.1/../../../../arm-none-eabi/lib/thumb/v7e-m+fp/hard\libc_nano.a(libc_a-calloc.o)
                0x00000000080067dc                calloc
 .text._calloc_r
                0x00000000080067ec       0x2c C:/ST/STM32CubeIDE_1.13.2/STM32CubeIDE/plugins/com.st.stm32cube.ide.mcu.externaltools.gnu-tools-for-stm32.11.3.rel1.win32_1.1.100.202309141235/tools/bin/../lib/gcc/arm-none-eabi/11.3.1/../../../../arm-none-eabi/lib/thumb/v7e-m+fp/hard\libc_nano.a(libc_a-callocr.o)
                0x00000000080067ec                _calloc_r
 .text.free     0x0000000008006818       0x10 C:/ST/STM32CubeIDE_1.13.2/STM32CubeIDE/plugins/com.st.stm32cube.ide.mcu.externaltools.gnu-tools-for-stm32.11.3.rel1.win32_1.1.100.202309141235/tools/bin/../lib/gcc/arm-none-eabi/11.3.1/../../../../arm-none-eabi/lib/thumb/v7e-m+fp/hard\libc_nano.a(libc_a-malloc.o)
                0x0000000008006818                free
 .text.sbrk_aligned
                0x0000000008006828       0x40 C:/ST/STM32CubeIDE_1.13.2/STM32CubeIDE/plugins/com.st.stm32cube.ide.mcu.externaltools.gnu-tools-for-stm32.11.3.rel1.win32_1.1.100.202309141235/tools/bin/../lib/gcc/arm-none-eabi/11.3.1/../../../../arm-none-eabi/lib/thumb/v7e-m+fp/hard\libc_nano.a(libc_a-mallocr.o)
 .text._malloc_r
                0x0000000008006868      0x100 C:/ST/STM32CubeIDE_1.13.2/STM32CubeIDE/plugins/com.st.stm32cube.ide.mcu.externaltools.gnu-tools-for-stm32.11.3.rel1.win32_1.1.100.202309141235/tools/bin/../lib/gcc/arm-none-eabi/11.3.1/../../../../arm-none-eabi/lib/thumb/v7e-m+fp/hard\libc_nano.a(libc_a-mallocr.o)
                0x0000000008006868                _malloc_r
 .text.__malloc_lock
                0x0000000008006968        0xc C:/ST/STM32CubeIDE_1.13.2/STM32CubeIDE/plugins/com.st.stm32cube.ide.mcu.externaltools.gnu-tools-for-stm32.11.3.rel1.win32_1.1.100.202309141235/tools/bin/../lib/gcc/arm-none-eabi/11.3.1/../../../../arm-none-eabi/lib/thumb/v7e-m+fp/hard\libc_nano.a(libc_a-mlock.o)
                0x0000000008006968                __malloc_lock
 .text.__malloc_unlock
                0x0000000008006974        0xc C:/ST/STM32CubeIDE_1.13.2/STM32CubeIDE/plugins/com.st.stm32cube.ide.mcu.externaltools.gnu-tools-for-stm32.11.3.rel1.win32_1.1.100.202309141235/tools/bin/../lib/gcc/arm-none-eabi/11.3.1/../../../../arm-none-eabi/lib/thumb/v7e-m+fp/hard\libc_nano.a(libc_a-mlock.o)
                0x0000000008006974                __malloc_unlock
 .text._strtoul_l.constprop.0
                0x0000000008006980       0xe4 C:/ST/STM32CubeIDE_1.13.2/STM32CubeIDE/plugins/com.st.stm32cube.ide.mcu.externaltools.gnu-tools-for-stm32.11.3.rel1.win32_1.1.100.202309141235/tools/bin/../lib/gcc/arm-none-eabi/11.3.1/../../../../arm-none-eabi/lib/thumb/v7e-m+fp/hard\libc_nano.a(libc_a-strtoul.o)
 .text.strtoul  0x0000000008006a64       0x14 C:/ST/STM32CubeIDE_1.13.2/STM32CubeIDE/plugins/com.st.stm32cube.ide.mcu.externaltools.gnu-tools-for-stm32.11.3.rel1.win32_1.1.100.202309141235/tools/bin/../lib/gcc/arm-none-eabi/11.3.1/../../../../arm-none-eabi/lib/thumb/v7e-m+fp/hard\libc_nano.a(libc_a-strtoul.o)
                0x0000000008006a64                strtoul
 .text.std      0x0000000008006a78       0x6c C:/ST/STM32CubeIDE_1.13.2/STM32CubeIDE/plugins/com.st.stm32cube.ide.mcu.externaltools.gnu-tools-for-stm32.11.3.rel1.win32_1.1.100.202309141235/tools/bin/../lib/gcc/arm-none-eabi/11.3.1/../../../../arm-none-eabi/lib/thumb/v7e-m+fp/hard\libc_nano.a(libc_a-findfp.o)
 .text.stdio_exit_handler
                0x0000000008006ae4       0x18 C:/ST/STM32CubeIDE_1.13.2/STM32CubeIDE/plugins/com.st.stm32cube.ide.mcu.externaltools.gnu-tools-for-stm32.11.3.rel1.win32_1.1.100.202309141235/tools/bin/../lib/gcc/arm-none-eabi/11.3.1/../../../../arm-none-eabi/lib/thumb/v7e-m+fp/hard\libc_nano.a(libc_a-findfp.o)
 .text.cleanup_stdio
                0x0000000008006afc       0x40 C:/ST/STM32CubeIDE_1.13.2/STM32CubeIDE/plugins/com.st.stm32cube.ide.mcu.externaltools.gnu-tools-for-stm32.11.3.rel1.win32_1.1.100.202309141235/tools/bin/../lib/gcc/arm-none-eabi/11.3.1/../../../../arm-none-eabi/lib/thumb/v7e-m+fp/hard\libc_nano.a(libc_a-findfp.o)
 .text.global_stdio_init.part.0
                0x0000000008006b3c       0x3c C:/ST/STM32CubeIDE_1.13.2/STM32CubeIDE/plugins/com.st.stm32cube.ide.mcu.externaltools.gnu-tools-for-stm32.11.3.rel1.win32_1.1.100.202309141235/tools/bin/../lib/gcc/arm-none-eabi/11.3.1/../../../../arm-none-eabi/lib/thumb/v7e-m+fp/hard\libc_nano.a(libc_a-findfp.o)
 .text.__sfp_lock_acquire
                0x0000000008006b78        0xc C:/ST/STM32CubeIDE_1.13.2/STM32CubeIDE/plugins/com.st.stm32cube.ide.mcu.externaltools.gnu-tools-for-stm32.11.3.rel1.win32_1.1.100.202309141235/tools/bin/../lib/gcc/arm-none-eabi/11.3.1/../../../../arm-none-eabi/lib/thumb/v7e-m+fp/hard\libc_nano.a(libc_a-findfp.o)
                0x0000000008006b78                __sfp_lock_acquire
 .text.__sfp_lock_release
                0x0000000008006b84        0xc C:/ST/STM32CubeIDE_1.13.2/STM32CubeIDE/plugins/com.st.stm32cube.ide.mcu.externaltools.gnu-tools-for-stm32.11.3.rel1.win32_1.1.100.202309141235/tools/bin/../lib/gcc/arm-none-eabi/11.3.1/../../../../arm-none-eabi/lib/thumb/v7e-m+fp/hard\libc_nano.a(libc_a-findfp.o)
                0x0000000008006b84                __sfp_lock_release
 .text.__sinit  0x0000000008006b90       0x30 C:/ST/STM32CubeIDE_1.13.2/STM32CubeIDE/plugins/com.st.stm32cube.ide.mcu.externaltools.gnu-tools-for-stm32.11.3.rel1.win32_1.1.100.202309141235/tools/bin/../lib/gcc/arm-none-eabi/11.3.1/../../../../arm-none-eabi/lib/thumb/v7e-m+fp/hard\libc_nano.a(libc_a-findfp.o)
                0x0000000008006b90                __sinit
 .text.fprintf  0x0000000008006bc0       0x24 C:/ST/STM32CubeIDE_1.13.2/STM32CubeIDE/plugins/com.st.stm32cube.ide.mcu.externaltools.gnu-tools-for-stm32.11.3.rel1.win32_1.1.100.202309141235/tools/bin/../lib/gcc/arm-none-eabi/11.3.1/../../../../arm-none-eabi/lib/thumb/v7e-m+fp/hard\libc_nano.a(libc_a-fprintf.o)
                0x0000000008006bc0                fiprintf
                0x0000000008006bc0                fprintf
 .text._fwalk_sglue
                0x0000000008006be4       0x3c C:/ST/STM32CubeIDE_1.13.2/STM32CubeIDE/plugins/com.st.stm32cube.ide.mcu.externaltools.gnu-tools-for-stm32.11.3.rel1.win32_1.1.100.202309141235/tools/bin/../lib/gcc/arm-none-eabi/11.3.1/../../../../arm-none-eabi/lib/thumb/v7e-m+fp/hard\libc_nano.a(libc_a-fwalk.o)
                0x0000000008006be4                _fwalk_sglue
 .text.printf   0x0000000008006c20       0x24 C:/ST/STM32CubeIDE_1.13.2/STM32CubeIDE/plugins/com.st.stm32cube.ide.mcu.externaltools.gnu-tools-for-stm32.11.3.rel1.win32_1.1.100.202309141235/tools/bin/../lib/gcc/arm-none-eabi/11.3.1/../../../../arm-none-eabi/lib/thumb/v7e-m+fp/hard\libc_nano.a(libc_a-printf.o)
                0x0000000008006c20                iprintf
                0x0000000008006c20                printf
 .text._puts_r  0x0000000008006c44       0xa8 C:/ST/STM32CubeIDE_1.13.2/STM32CubeIDE/plugins/com.st.stm32cube.ide.mcu.externaltools.gnu-tools-for-stm32.11.3.rel1.win32_1.1.100.202309141235/tools/bin/../lib/gcc/arm-none-eabi/11.3.1/../../../../arm-none-eabi/lib/thumb/v7e-m+fp/hard\libc_nano.a(libc_a-puts.o)
                0x0000000008006c44                _puts_r
 .text.puts     0x0000000008006cec       0x10 C:/ST/STM32CubeIDE_1.13.2/STM32CubeIDE/plugins/com.st.stm32cube.ide.mcu.externaltools.gnu-tools-for-stm32.11.3.rel1.win32_1.1.100.202309141235/tools/bin/../lib/gcc/arm-none-eabi/11.3.1/../../../../arm-none-eabi/lib/thumb/v7e-m+fp/hard\libc_nano.a(libc_a-puts.o)
                0x0000000008006cec                puts
 .text.sprintf  0x0000000008006cfc       0x40 C:/ST/STM32CubeIDE_1.13.2/STM32CubeIDE/plugins/com.st.stm32cube.ide.mcu.externaltools.gnu-tools-for-stm32.11.3.rel1.win32_1.1.100.202309141235/tools/bin/../lib/gcc/arm-none-eabi/11.3.1/../../../../arm-none-eabi/lib/thumb/v7e-m+fp/hard\libc_nano.a(libc_a-sprintf.o)
                0x0000000008006cfc                siprintf
                0x0000000008006cfc                sprintf
 .text.__sread  0x0000000008006d3c       0x22 C:/ST/STM32CubeIDE_1.13.2/STM32CubeIDE/plugins/com.st.stm32cube.ide.mcu.externaltools.gnu-tools-for-stm32.11.3.rel1.win32_1.1.100.202309141235/tools/bin/../lib/gcc/arm-none-eabi/11.3.1/../../../../arm-none-eabi/lib/thumb/v7e-m+fp/hard\libc_nano.a(libc_a-stdio.o)
                0x0000000008006d3c                __sread
 .text.__swrite
                0x0000000008006d5e       0x38 C:/ST/STM32CubeIDE_1.13.2/STM32CubeIDE/plugins/com.st.stm32cube.ide.mcu.externaltools.gnu-tools-for-stm32.11.3.rel1.win32_1.1.100.202309141235/tools/bin/../lib/gcc/arm-none-eabi/11.3.1/../../../../arm-none-eabi/lib/thumb/v7e-m+fp/hard\libc_nano.a(libc_a-stdio.o)
                0x0000000008006d5e                __swrite
 .text.__sseek  0x0000000008006d96       0x24 C:/ST/STM32CubeIDE_1.13.2/STM32CubeIDE/plugins/com.st.stm32cube.ide.mcu.externaltools.gnu-tools-for-stm32.11.3.rel1.win32_1.1.100.202309141235/tools/bin/../lib/gcc/arm-none-eabi/11.3.1/../../../../arm-none-eabi/lib/thumb/v7e-m+fp/hard\libc_nano.a(libc_a-stdio.o)
                0x0000000008006d96                __sseek
 .text.__sclose
                0x0000000008006dba        0x8 C:/ST/STM32CubeIDE_1.13.2/STM32CubeIDE/plugins/com.st.stm32cube.ide.mcu.externaltools.gnu-tools-for-stm32.11.3.rel1.win32_1.1.100.202309141235/tools/bin/../lib/gcc/arm-none-eabi/11.3.1/../../../../arm-none-eabi/lib/thumb/v7e-m+fp/hard\libc_nano.a(libc_a-stdio.o)
                0x0000000008006dba                __sclose
 .text.__swbuf_r
                0x0000000008006dc2       0x7a C:/ST/STM32CubeIDE_1.13.2/STM32CubeIDE/plugins/com.st.stm32cube.ide.mcu.externaltools.gnu-tools-for-stm32.11.3.rel1.win32_1.1.100.202309141235/tools/bin/../lib/gcc/arm-none-eabi/11.3.1/../../../../arm-none-eabi/lib/thumb/v7e-m+fp/hard\libc_nano.a(libc_a-wbuf.o)
                0x0000000008006dc2                __swbuf_r
 .text.__swsetup_r
                0x0000000008006e3c       0xb0 C:/ST/STM32CubeIDE_1.13.2/STM32CubeIDE/plugins/com.st.stm32cube.ide.mcu.externaltools.gnu-tools-for-stm32.11.3.rel1.win32_1.1.100.202309141235/tools/bin/../lib/gcc/arm-none-eabi/11.3.1/../../../../arm-none-eabi/lib/thumb/v7e-m+fp/hard\libc_nano.a(libc_a-wsetup.o)
                0x0000000008006e3c                __swsetup_r
 .text.memset   0x0000000008006eec       0x10 C:/ST/STM32CubeIDE_1.13.2/STM32CubeIDE/plugins/com.st.stm32cube.ide.mcu.externaltools.gnu-tools-for-stm32.11.3.rel1.win32_1.1.100.202309141235/tools/bin/../lib/gcc/arm-none-eabi/11.3.1/../../../../arm-none-eabi/lib/thumb/v7e-m+fp/hard\libc_nano.a(libc_a-memset.o)
                0x0000000008006eec                memset
 .text.strcat   0x0000000008006efc       0x1e C:/ST/STM32CubeIDE_1.13.2/STM32CubeIDE/plugins/com.st.stm32cube.ide.mcu.externaltools.gnu-tools-for-stm32.11.3.rel1.win32_1.1.100.202309141235/tools/bin/../lib/gcc/arm-none-eabi/11.3.1/../../../../arm-none-eabi/lib/thumb/v7e-m+fp/hard\libc_nano.a(libc_a-strcat.o)
                0x0000000008006efc                strcat
 .text.strncmp  0x0000000008006f1a       0x24 C:/ST/STM32CubeIDE_1.13.2/STM32CubeIDE/plugins/com.st.stm32cube.ide.mcu.externaltools.gnu-tools-for-stm32.11.3.rel1.win32_1.1.100.202309141235/tools/bin/../lib/gcc/arm-none-eabi/11.3.1/../../../../arm-none-eabi/lib/thumb/v7e-m+fp/hard\libc_nano.a(libc_a-strncmp.o)
                0x0000000008006f1a                strncmp
 *fill*         0x0000000008006f3e        0x2 
 .text._close_r
                0x0000000008006f40       0x20 C:/ST/STM32CubeIDE_1.13.2/STM32CubeIDE/plugins/com.st.stm32cube.ide.mcu.externaltools.gnu-tools-for-stm32.11.3.rel1.win32_1.1.100.202309141235/tools/bin/../lib/gcc/arm-none-eabi/11.3.1/../../../../arm-none-eabi/lib/thumb/v7e-m+fp/hard\libc_nano.a(libc_a-closer.o)
                0x0000000008006f40                _close_r
 .text._lseek_r
                0x0000000008006f60       0x24 C:/ST/STM32CubeIDE_1.13.2/STM32CubeIDE/plugins/com.st.stm32cube.ide.mcu.externaltools.gnu-tools-for-stm32.11.3.rel1.win32_1.1.100.202309141235/tools/bin/../lib/gcc/arm-none-eabi/11.3.1/../../../../arm-none-eabi/lib/thumb/v7e-m+fp/hard\libc_nano.a(libc_a-lseekr.o)
                0x0000000008006f60                _lseek_r
 .text._read_r  0x0000000008006f84       0x24 C:/ST/STM32CubeIDE_1.13.2/STM32CubeIDE/plugins/com.st.stm32cube.ide.mcu.externaltools.gnu-tools-for-stm32.11.3.rel1.win32_1.1.100.202309141235/tools/bin/../lib/gcc/arm-none-eabi/11.3.1/../../../../arm-none-eabi/lib/thumb/v7e-m+fp/hard\libc_nano.a(libc_a-readr.o)
                0x0000000008006f84                _read_r
 .text._sbrk_r  0x0000000008006fa8       0x20 C:/ST/STM32CubeIDE_1.13.2/STM32CubeIDE/plugins/com.st.stm32cube.ide.mcu.externaltools.gnu-tools-for-stm32.11.3.rel1.win32_1.1.100.202309141235/tools/bin/../lib/gcc/arm-none-eabi/11.3.1/../../../../arm-none-eabi/lib/thumb/v7e-m+fp/hard\libc_nano.a(libc_a-sbrkr.o)
                0x0000000008006fa8                _sbrk_r
 .text._write_r
                0x0000000008006fc8       0x24 C:/ST/STM32CubeIDE_1.13.2/STM32CubeIDE/plugins/com.st.stm32cube.ide.mcu.externaltools.gnu-tools-for-stm32.11.3.rel1.win32_1.1.100.202309141235/tools/bin/../lib/gcc/arm-none-eabi/11.3.1/../../../../arm-none-eabi/lib/thumb/v7e-m+fp/hard\libc_nano.a(libc_a-writer.o)
                0x0000000008006fc8                _write_r
 .text.__libc_init_array
                0x0000000008006fec       0x48 C:/ST/STM32CubeIDE_1.13.2/STM32CubeIDE/plugins/com.st.stm32cube.ide.mcu.externaltools.gnu-tools-for-stm32.11.3.rel1.win32_1.1.100.202309141235/tools/bin/../lib/gcc/arm-none-eabi/11.3.1/../../../../arm-none-eabi/lib/thumb/v7e-m+fp/hard\libc_nano.a(libc_a-init.o)
                0x0000000008006fec                __libc_init_array
 .text.__retarget_lock_init_recursive
                0x0000000008007034        0x2 C:/ST/STM32CubeIDE_1.13.2/STM32CubeIDE/plugins/com.st.stm32cube.ide.mcu.externaltools.gnu-tools-for-stm32.11.3.rel1.win32_1.1.100.202309141235/tools/bin/../lib/gcc/arm-none-eabi/11.3.1/../../../../arm-none-eabi/lib/thumb/v7e-m+fp/hard\libc_nano.a(libc_a-lock.o)
                0x0000000008007034                __retarget_lock_init_recursive
 .text.__retarget_lock_acquire_recursive
                0x0000000008007036        0x2 C:/ST/STM32CubeIDE_1.13.2/STM32CubeIDE/plugins/com.st.stm32cube.ide.mcu.externaltools.gnu-tools-for-stm32.11.3.rel1.win32_1.1.100.202309141235/tools/bin/../lib/gcc/arm-none-eabi/11.3.1/../../../../arm-none-eabi/lib/thumb/v7e-m+fp/hard\libc_nano.a(libc_a-lock.o)
                0x0000000008007036                __retarget_lock_acquire_recursive
 .text.__retarget_lock_release_recursive
                0x0000000008007038        0x2 C:/ST/STM32CubeIDE_1.13.2/STM32CubeIDE/plugins/com.st.stm32cube.ide.mcu.externaltools.gnu-tools-for-stm32.11.3.rel1.win32_1.1.100.202309141235/tools/bin/../lib/gcc/arm-none-eabi/11.3.1/../../../../arm-none-eabi/lib/thumb/v7e-m+fp/hard\libc_nano.a(libc_a-lock.o)
                0x0000000008007038                __retarget_lock_release_recursive
 .text.memcpy   0x000000000800703a       0x1c C:/ST/STM32CubeIDE_1.13.2/STM32CubeIDE/plugins/com.st.stm32cube.ide.mcu.externaltools.gnu-tools-for-stm32.11.3.rel1.win32_1.1.100.202309141235/tools/bin/../lib/gcc/arm-none-eabi/11.3.1/../../../../arm-none-eabi/lib/thumb/v7e-m+fp/hard\libc_nano.a(libc_a-memcpy-stub.o)
                0x000000000800703a                memcpy
 .text.abort    0x0000000008007056        0xe C:/ST/STM32CubeIDE_1.13.2/STM32CubeIDE/plugins/com.st.stm32cube.ide.mcu.externaltools.gnu-tools-for-stm32.11.3.rel1.win32_1.1.100.202309141235/tools/bin/../lib/gcc/arm-none-eabi/11.3.1/../../../../arm-none-eabi/lib/thumb/v7e-m+fp/hard\libc_nano.a(libc_a-abort.o)
                0x0000000008007056                abort
 .text._free_r  0x0000000008007064       0x98 C:/ST/STM32CubeIDE_1.13.2/STM32CubeIDE/plugins/com.st.stm32cube.ide.mcu.externaltools.gnu-tools-for-stm32.11.3.rel1.win32_1.1.100.202309141235/tools/bin/../lib/gcc/arm-none-eabi/11.3.1/../../../../arm-none-eabi/lib/thumb/v7e-m+fp/hard\libc_nano.a(libc_a-freer.o)
                0x0000000008007064                _free_r
 .text.__ssputs_r
                0x00000000080070fc       0xb4 C:/ST/STM32CubeIDE_1.13.2/STM32CubeIDE/plugins/com.st.stm32cube.ide.mcu.externaltools.gnu-tools-for-stm32.11.3.rel1.win32_1.1.100.202309141235/tools/bin/../lib/gcc/arm-none-eabi/11.3.1/../../../../arm-none-eabi/lib/thumb/v7e-m+fp/hard\libc_nano.a(libc_a-nano-svfprintf.o)
                0x00000000080070fc                __ssputs_r
 .text._svfprintf_r
                0x00000000080071b0      0x1fc C:/ST/STM32CubeIDE_1.13.2/STM32CubeIDE/plugins/com.st.stm32cube.ide.mcu.externaltools.gnu-tools-for-stm32.11.3.rel1.win32_1.1.100.202309141235/tools/bin/../lib/gcc/arm-none-eabi/11.3.1/../../../../arm-none-eabi/lib/thumb/v7e-m+fp/hard\libc_nano.a(libc_a-nano-svfprintf.o)
                0x00000000080071b0                _svfiprintf_r
                0x00000000080071b0                _svfprintf_r
 .text.__sfputc_r
                0x00000000080073ac       0x2e C:/ST/STM32CubeIDE_1.13.2/STM32CubeIDE/plugins/com.st.stm32cube.ide.mcu.externaltools.gnu-tools-for-stm32.11.3.rel1.win32_1.1.100.202309141235/tools/bin/../lib/gcc/arm-none-eabi/11.3.1/../../../../arm-none-eabi/lib/thumb/v7e-m+fp/hard\libc_nano.a(libc_a-nano-vfprintf.o)
 .text.__sfputs_r
                0x00000000080073da       0x24 C:/ST/STM32CubeIDE_1.13.2/STM32CubeIDE/plugins/com.st.stm32cube.ide.mcu.externaltools.gnu-tools-for-stm32.11.3.rel1.win32_1.1.100.202309141235/tools/bin/../lib/gcc/arm-none-eabi/11.3.1/../../../../arm-none-eabi/lib/thumb/v7e-m+fp/hard\libc_nano.a(libc_a-nano-vfprintf.o)
                0x00000000080073da                __sfputs_r
 *fill*         0x00000000080073fe        0x2 
 .text._vfprintf_r
                0x0000000008007400      0x234 C:/ST/STM32CubeIDE_1.13.2/STM32CubeIDE/plugins/com.st.stm32cube.ide.mcu.externaltools.gnu-tools-for-stm32.11.3.rel1.win32_1.1.100.202309141235/tools/bin/../lib/gcc/arm-none-eabi/11.3.1/../../../../arm-none-eabi/lib/thumb/v7e-m+fp/hard\libc_nano.a(libc_a-nano-vfprintf.o)
                0x0000000008007400                _vfprintf_r
                0x0000000008007400                _vfiprintf_r
 .text._printf_common
                0x0000000008007634       0xda C:/ST/STM32CubeIDE_1.13.2/STM32CubeIDE/plugins/com.st.stm32cube.ide.mcu.externaltools.gnu-tools-for-stm32.11.3.rel1.win32_1.1.100.202309141235/tools/bin/../lib/gcc/arm-none-eabi/11.3.1/../../../../arm-none-eabi/lib/thumb/v7e-m+fp/hard\libc_nano.a(libc_a-nano-vfprintf_i.o)
                0x0000000008007634                _printf_common
 *fill*         0x000000000800770e        0x2 
 .text._printf_i
                0x0000000008007710      0x244 C:/ST/STM32CubeIDE_1.13.2/STM32CubeIDE/plugins/com.st.stm32cube.ide.mcu.externaltools.gnu-tools-for-stm32.11.3.rel1.win32_1.1.100.202309141235/tools/bin/../lib/gcc/arm-none-eabi/11.3.1/../../../../arm-none-eabi/lib/thumb/v7e-m+fp/hard\libc_nano.a(libc_a-nano-vfprintf_i.o)
                0x0000000008007710                _printf_i
 .text.__sflush_r
                0x0000000008007954      0x10c C:/ST/STM32CubeIDE_1.13.2/STM32CubeIDE/plugins/com.st.stm32cube.ide.mcu.externaltools.gnu-tools-for-stm32.11.3.rel1.win32_1.1.100.202309141235/tools/bin/../lib/gcc/arm-none-eabi/11.3.1/../../../../arm-none-eabi/lib/thumb/v7e-m+fp/hard\libc_nano.a(libc_a-fflush.o)
                0x0000000008007954                __sflush_r
 .text._fflush_r
                0x0000000008007a60       0x50 C:/ST/STM32CubeIDE_1.13.2/STM32CubeIDE/plugins/com.st.stm32cube.ide.mcu.externaltools.gnu-tools-for-stm32.11.3.rel1.win32_1.1.100.202309141235/tools/bin/../lib/gcc/arm-none-eabi/11.3.1/../../../../arm-none-eabi/lib/thumb/v7e-m+fp/hard\libc_nano.a(libc_a-fflush.o)
                0x0000000008007a60                _fflush_r
 .text.__swhatbuf_r
                0x0000000008007ab0       0x4c C:/ST/STM32CubeIDE_1.13.2/STM32CubeIDE/plugins/com.st.stm32cube.ide.mcu.externaltools.gnu-tools-for-stm32.11.3.rel1.win32_1.1.100.202309141235/tools/bin/../lib/gcc/arm-none-eabi/11.3.1/../../../../arm-none-eabi/lib/thumb/v7e-m+fp/hard\libc_nano.a(libc_a-makebuf.o)
                0x0000000008007ab0                __swhatbuf_r
 .text.__smakebuf_r
                0x0000000008007afc       0x78 C:/ST/STM32CubeIDE_1.13.2/STM32CubeIDE/plugins/com.st.stm32cube.ide.mcu.externaltools.gnu-tools-for-stm32.11.3.rel1.win32_1.1.100.202309141235/tools/bin/../lib/gcc/arm-none-eabi/11.3.1/../../../../arm-none-eabi/lib/thumb/v7e-m+fp/hard\libc_nano.a(libc_a-makebuf.o)
                0x0000000008007afc                __smakebuf_r
 .text.memmove  0x0000000008007b74       0x34 C:/ST/STM32CubeIDE_1.13.2/STM32CubeIDE/plugins/com.st.stm32cube.ide.mcu.externaltools.gnu-tools-for-stm32.11.3.rel1.win32_1.1.100.202309141235/tools/bin/../lib/gcc/arm-none-eabi/11.3.1/../../../../arm-none-eabi/lib/thumb/v7e-m+fp/hard\libc_nano.a(libc_a-memmove.o)
                0x0000000008007b74                memmove
 .text._raise_r
                0x0000000008007ba8       0x50 C:/ST/STM32CubeIDE_1.13.2/STM32CubeIDE/plugins/com.st.stm32cube.ide.mcu.externaltools.gnu-tools-for-stm32.11.3.rel1.win32_1.1.100.202309141235/tools/bin/../lib/gcc/arm-none-eabi/11.3.1/../../../../arm-none-eabi/lib/thumb/v7e-m+fp/hard\libc_nano.a(libc_a-signal.o)
                0x0000000008007ba8                _raise_r
 .text.raise    0x0000000008007bf8       0x10 C:/ST/STM32CubeIDE_1.13.2/STM32CubeIDE/plugins/com.st.stm32cube.ide.mcu.externaltools.gnu-tools-for-stm32.11.3.rel1.win32_1.1.100.202309141235/tools/bin/../lib/gcc/arm-none-eabi/11.3.1/../../../../arm-none-eabi/lib/thumb/v7e-m+fp/hard\libc_nano.a(libc_a-signal.o)
                0x0000000008007bf8                raise
 .text._fstat_r
                0x0000000008007c08       0x24 C:/ST/STM32CubeIDE_1.13.2/STM32CubeIDE/plugins/com.st.stm32cube.ide.mcu.externaltools.gnu-tools-for-stm32.11.3.rel1.win32_1.1.100.202309141235/tools/bin/../lib/gcc/arm-none-eabi/11.3.1/../../../../arm-none-eabi/lib/thumb/v7e-m+fp/hard\libc_nano.a(libc_a-fstatr.o)
                0x0000000008007c08                _fstat_r
 .text._isatty_r
                0x0000000008007c2c       0x20 C:/ST/STM32CubeIDE_1.13.2/STM32CubeIDE/plugins/com.st.stm32cube.ide.mcu.externaltools.gnu-tools-for-stm32.11.3.rel1.win32_1.1.100.202309141235/tools/bin/../lib/gcc/arm-none-eabi/11.3.1/../../../../arm-none-eabi/lib/thumb/v7e-m+fp/hard\libc_nano.a(libc_a-isattyr.o)
                0x0000000008007c2c                _isatty_r
 .text._kill_r  0x0000000008007c4c       0x24 C:/ST/STM32CubeIDE_1.13.2/STM32CubeIDE/plugins/com.st.stm32cube.ide.mcu.externaltools.gnu-tools-for-stm32.11.3.rel1.win32_1.1.100.202309141235/tools/bin/../lib/gcc/arm-none-eabi/11.3.1/../../../../arm-none-eabi/lib/thumb/v7e-m+fp/hard\libc_nano.a(libc_a-signalr.o)
                0x0000000008007c4c                _kill_r
 .text._getpid_r
                0x0000000008007c70        0x4 C:/ST/STM32CubeIDE_1.13.2/STM32CubeIDE/plugins/com.st.stm32cube.ide.mcu.externaltools.gnu-tools-for-stm32.11.3.rel1.win32_1.1.100.202309141235/tools/bin/../lib/gcc/arm-none-eabi/11.3.1/../../../../arm-none-eabi/lib/thumb/v7e-m+fp/hard\libc_nano.a(libc_a-signalr.o)
                0x0000000008007c70                _getpid_r
 .text._realloc_r
                0x0000000008007c74       0x5e C:/ST/STM32CubeIDE_1.13.2/STM32CubeIDE/plugins/com.st.stm32cube.ide.mcu.externaltools.gnu-tools-for-stm32.11.3.rel1.win32_1.1.100.202309141235/tools/bin/../lib/gcc/arm-none-eabi/11.3.1/../../../../arm-none-eabi/lib/thumb/v7e-m+fp/hard\libc_nano.a(libc_a-reallocr.o)
                0x0000000008007c74                _realloc_r
 .text._malloc_usable_size_r
                0x0000000008007cd2       0x10 C:/ST/STM32CubeIDE_1.13.2/STM32CubeIDE/plugins/com.st.stm32cube.ide.mcu.externaltools.gnu-tools-for-stm32.11.3.rel1.win32_1.1.100.202309141235/tools/bin/../lib/gcc/arm-none-eabi/11.3.1/../../../../arm-none-eabi/lib/thumb/v7e-m+fp/hard\libc_nano.a(libc_a-msizer.o)
                0x0000000008007cd2                _malloc_usable_size_r
 *(.glue_7)
 .glue_7        0x0000000008007ce2        0x0 linker stubs
 *(.glue_7t)
 .glue_7t       0x0000000008007ce2        0x0 linker stubs
 *(.eh_frame)
 *fill*         0x0000000008007ce2        0x2 
 .eh_frame      0x0000000008007ce4        0x0 C:/ST/STM32CubeIDE_1.13.2/STM32CubeIDE/plugins/com.st.stm32cube.ide.mcu.externaltools.gnu-tools-for-stm32.11.3.rel1.win32_1.1.100.202309141235/tools/bin/../lib/gcc/arm-none-eabi/11.3.1/thumb/v7e-m+fp/hard/crtbegin.o
 *(.init)
 .init          0x0000000008007ce4        0x4 C:/ST/STM32CubeIDE_1.13.2/STM32CubeIDE/plugins/com.st.stm32cube.ide.mcu.externaltools.gnu-tools-for-stm32.11.3.rel1.win32_1.1.100.202309141235/tools/bin/../lib/gcc/arm-none-eabi/11.3.1/thumb/v7e-m+fp/hard/crti.o
                0x0000000008007ce4                _init
 .init          0x0000000008007ce8        0x8 C:/ST/STM32CubeIDE_1.13.2/STM32CubeIDE/plugins/com.st.stm32cube.ide.mcu.externaltools.gnu-tools-for-stm32.11.3.rel1.win32_1.1.100.202309141235/tools/bin/../lib/gcc/arm-none-eabi/11.3.1/thumb/v7e-m+fp/hard/crtn.o
 *(.fini)
 .fini          0x0000000008007cf0        0x4 C:/ST/STM32CubeIDE_1.13.2/STM32CubeIDE/plugins/com.st.stm32cube.ide.mcu.externaltools.gnu-tools-for-stm32.11.3.rel1.win32_1.1.100.202309141235/tools/bin/../lib/gcc/arm-none-eabi/11.3.1/thumb/v7e-m+fp/hard/crti.o
                0x0000000008007cf0                _fini
 .fini          0x0000000008007cf4        0x8 C:/ST/STM32CubeIDE_1.13.2/STM32CubeIDE/plugins/com.st.stm32cube.ide.mcu.externaltools.gnu-tools-for-stm32.11.3.rel1.win32_1.1.100.202309141235/tools/bin/../lib/gcc/arm-none-eabi/11.3.1/thumb/v7e-m+fp/hard/crtn.o
                0x0000000008007cfc                . = ALIGN (0x4)
                0x0000000008007cfc                _etext = .

.vfp11_veneer   0x0000000008007cfc        0x0
 .vfp11_veneer  0x0000000008007cfc        0x0 linker stubs

.v4_bx          0x0000000008007cfc        0x0
 .v4_bx         0x0000000008007cfc        0x0 linker stubs

.iplt           0x0000000008007cfc        0x0
 .iplt          0x0000000008007cfc        0x0 C:/ST/STM32CubeIDE_1.13.2/STM32CubeIDE/plugins/com.st.stm32cube.ide.mcu.externaltools.gnu-tools-for-stm32.11.3.rel1.win32_1.1.100.202309141235/tools/bin/../lib/gcc/arm-none-eabi/11.3.1/thumb/v7e-m+fp/hard/crtbegin.o

.rodata         0x0000000008007cfc      0x534
                0x0000000008007cfc                . = ALIGN (0x4)
 *(.rodata)
 .rodata        0x0000000008007cfc       0x40 ./Core/Src/main.o
 .rodata        0x0000000008007d3c       0x1c ./LWIP/App/lwip.o
 .rodata        0x0000000008007d58       0x1c ./LWIP/Target/ethernetif.o
 *(.rodata*)
 .rodata.http_thread.str1.1
                0x0000000008007d74      0x135 ./Core/Src/httpserver.o
                                        0x141 (size before relaxing)
 .rodata.http_server_init.str1.1
                0x0000000008007ea9        0xc ./Core/Src/httpserver.o
 .rodata.http_html_hdr
                0x0000000008007eb5       0x3c ./Core/Src/httpserver.o
 .rodata.http_html_hdr_not_found
                0x0000000008007ef1       0x43 ./Core/Src/httpserver.o
 .rodata.http_html_hdr_to_value
                0x0000000008007f34       0x14 ./Core/Src/httpserver.o
 .rodata.StartTask02.str1.1
                0x0000000008007f48       0x17 ./Core/Src/main.o
 .rodata.__io_putchar.str1.1
                0x0000000008007f5f        0x3 ./Core/Src/main.o
 .rodata.BUFFOR_Init.str1.1
                0x0000000008007f62       0x1a ./Core/Src/main.o
 .rodata.HAL_UART_RxCpltCallback.str1.1
                0x0000000008007f7c       0x14 ./Core/Src/main.o
 .rodata.str1.1
                0x0000000008007f90       0x1c ./Core/Src/main.o
 .rodata.sht3x_init.str1.1
                0x0000000008007fac       0x54 ./Core/Src/sht3x.o
 .rodata.sht3x_read_temperature_and_humidity.str1.1
                0x0000000008008000        0xd ./Core/Src/sht3x.o
 .rodata.__func__.0
                0x000000000800800d        0xb ./Core/Src/sht3x.o
 .rodata.AHBPrescTable
                0x0000000008008018       0x10 ./Core/Src/system_stm32f4xx.o
                0x0000000008008018                AHBPrescTable
 .rodata.APBPrescTable
                0x0000000008008028        0x8 ./Core/Src/system_stm32f4xx.o
                0x0000000008008028                APBPrescTable
 .rodata.flagBitshiftOffset.0
                0x0000000008008030        0x8 ./Drivers/STM32F4xx_HAL_Driver/Src/stm32f4xx_hal_dma.o
 .rodata.str1.1
                0x0000000008008038        0x8 ./LWIP/App/lwip.o
 .rodata.ethernetif_init.str1.1
                0x0000000008008040       0x52 ./LWIP/Target/ethernetif.o
 .rodata.str1.1
                0x0000000008008092        0x6 ./LWIP/Target/ethernetif.o
 .rodata.CSWTCH.20
                0x0000000008008098        0x6 ./LWIP/Target/ethernetif.o
 .rodata.CSWTCH.21
                0x000000000800809e        0x6 ./LWIP/Target/ethernetif.o
 .rodata.CSWTCH.37
                0x00000000080080a4        0x8 ./LWIP/Target/ethernetif.o
 .rodata.CSWTCH.38
                0x00000000080080ac        0x8 ./LWIP/Target/ethernetif.o
 .rodata.memp_RX_POOL
                0x00000000080080b4        0xc ./LWIP/Target/ethernetif.o
                0x00000000080080b4                memp_RX_POOL
 .rodata.__assert_func.str1.1
                0x00000000080080c0       0x3c C:/ST/STM32CubeIDE_1.13.2/STM32CubeIDE/plugins/com.st.stm32cube.ide.mcu.externaltools.gnu-tools-for-stm32.11.3.rel1.win32_1.1.100.202309141235/tools/bin/../lib/gcc/arm-none-eabi/11.3.1/../../../../arm-none-eabi/lib/thumb/v7e-m+fp/hard\libc_nano.a(libc_a-assert.o)
                                         0x3d (size before relaxing)
 .rodata._ctype_
                0x00000000080080fc      0x101 C:/ST/STM32CubeIDE_1.13.2/STM32CubeIDE/plugins/com.st.stm32cube.ide.mcu.externaltools.gnu-tools-for-stm32.11.3.rel1.win32_1.1.100.202309141235/tools/bin/../lib/gcc/arm-none-eabi/11.3.1/../../../../arm-none-eabi/lib/thumb/v7e-m+fp/hard\libc_nano.a(libc_a-ctype_.o)
                0x00000000080080fc                _ctype_
 .rodata._svfprintf_r.str1.1
                0x00000000080081fd       0x11 C:/ST/STM32CubeIDE_1.13.2/STM32CubeIDE/plugins/com.st.stm32cube.ide.mcu.externaltools.gnu-tools-for-stm32.11.3.rel1.win32_1.1.100.202309141235/tools/bin/../lib/gcc/arm-none-eabi/11.3.1/../../../../arm-none-eabi/lib/thumb/v7e-m+fp/hard\libc_nano.a(libc_a-nano-svfprintf.o)
 .rodata._vfprintf_r.str1.1
                0x000000000800820e       0x11 C:/ST/STM32CubeIDE_1.13.2/STM32CubeIDE/plugins/com.st.stm32cube.ide.mcu.externaltools.gnu-tools-for-stm32.11.3.rel1.win32_1.1.100.202309141235/tools/bin/../lib/gcc/arm-none-eabi/11.3.1/../../../../arm-none-eabi/lib/thumb/v7e-m+fp/hard\libc_nano.a(libc_a-nano-vfprintf.o)
 .rodata._printf_i.str1.1
                0x000000000800820e       0x22 C:/ST/STM32CubeIDE_1.13.2/STM32CubeIDE/plugins/com.st.stm32cube.ide.mcu.externaltools.gnu-tools-for-stm32.11.3.rel1.win32_1.1.100.202309141235/tools/bin/../lib/gcc/arm-none-eabi/11.3.1/../../../../arm-none-eabi/lib/thumb/v7e-m+fp/hard\libc_nano.a(libc_a-nano-vfprintf_i.o)
                0x0000000008008230                . = ALIGN (0x4)

.ARM.extab      0x0000000008008230        0x0
                0x0000000008008230                . = ALIGN (0x4)
 *(.ARM.extab* .gnu.linkonce.armextab.*)
                0x0000000008008230                . = ALIGN (0x4)

.ARM            0x0000000008008230        0x8
                0x0000000008008230                . = ALIGN (0x4)
                0x0000000008008230                __exidx_start = .
 *(.ARM.exidx*)
 .ARM.exidx     0x0000000008008230        0x8 C:/ST/STM32CubeIDE_1.13.2/STM32CubeIDE/plugins/com.st.stm32cube.ide.mcu.externaltools.gnu-tools-for-stm32.11.3.rel1.win32_1.1.100.202309141235/tools/bin/../lib/gcc/arm-none-eabi/11.3.1/thumb/v7e-m+fp/hard\libgcc.a(_udivmoddi4.o)
                0x0000000008008238                __exidx_end = .
                0x0000000008008238                . = ALIGN (0x4)

.rel.dyn        0x0000000008008238        0x0
 .rel.iplt      0x0000000008008238        0x0 C:/ST/STM32CubeIDE_1.13.2/STM32CubeIDE/plugins/com.st.stm32cube.ide.mcu.externaltools.gnu-tools-for-stm32.11.3.rel1.win32_1.1.100.202309141235/tools/bin/../lib/gcc/arm-none-eabi/11.3.1/thumb/v7e-m+fp/hard/crtbegin.o

.preinit_array  0x0000000008008238        0x0
                0x0000000008008238                . = ALIGN (0x4)
                0x0000000008008238                PROVIDE (__preinit_array_start = .)
 *(.preinit_array*)
                0x0000000008008238                PROVIDE (__preinit_array_end = .)
                0x0000000008008238                . = ALIGN (0x4)

.init_array     0x0000000008008238        0x4
                0x0000000008008238                . = ALIGN (0x4)
                0x0000000008008238                PROVIDE (__init_array_start = .)
 *(SORT_BY_NAME(.init_array.*))
 *(.init_array*)
 .init_array    0x0000000008008238        0x4 C:/ST/STM32CubeIDE_1.13.2/STM32CubeIDE/plugins/com.st.stm32cube.ide.mcu.externaltools.gnu-tools-for-stm32.11.3.rel1.win32_1.1.100.202309141235/tools/bin/../lib/gcc/arm-none-eabi/11.3.1/thumb/v7e-m+fp/hard/crtbegin.o
                0x000000000800823c                PROVIDE (__init_array_end = .)
                0x000000000800823c                . = ALIGN (0x4)

.fini_array     0x000000000800823c        0x4
                0x000000000800823c                . = ALIGN (0x4)
                [!provide]                        PROVIDE (__fini_array_start = .)
 *(SORT_BY_NAME(.fini_array.*))
 *(.fini_array*)
 .fini_array    0x000000000800823c        0x4 C:/ST/STM32CubeIDE_1.13.2/STM32CubeIDE/plugins/com.st.stm32cube.ide.mcu.externaltools.gnu-tools-for-stm32.11.3.rel1.win32_1.1.100.202309141235/tools/bin/../lib/gcc/arm-none-eabi/11.3.1/thumb/v7e-m+fp/hard/crtbegin.o
                [!provide]                        PROVIDE (__fini_array_end = .)
                0x0000000008008240                . = ALIGN (0x4)
                0x0000000008008240                _sidata = LOADADDR (.data)

.data           0x0000000020000000       0x7c load address 0x0000000008008240
                0x0000000020000000                . = ALIGN (0x4)
                0x0000000020000000                _sdata = .
 *(.data)
 *(.data*)
 .data.SystemCoreClock
                0x0000000020000000        0x4 ./Core/Src/system_stm32f4xx.o
                0x0000000020000000                SystemCoreClock
 .data.uwTickFreq
                0x0000000020000004        0x1 ./Drivers/STM32F4xx_HAL_Driver/Src/stm32f4xx_hal.o
                0x0000000020000004                uwTickFreq
 *fill*         0x0000000020000005        0x3 
 .data.uwTickPrio
                0x0000000020000008        0x4 ./Drivers/STM32F4xx_HAL_Driver/Src/stm32f4xx_hal.o
                0x0000000020000008                uwTickPrio
 .data.LAN8742_IOCtx
                0x000000002000000c       0x14 ./LWIP/Target/ethernetif.o
                0x000000002000000c                LAN8742_IOCtx
 .data.__sglue  0x0000000020000020        0xc C:/ST/STM32CubeIDE_1.13.2/STM32CubeIDE/plugins/com.st.stm32cube.ide.mcu.externaltools.gnu-tools-for-stm32.11.3.rel1.win32_1.1.100.202309141235/tools/bin/../lib/gcc/arm-none-eabi/11.3.1/../../../../arm-none-eabi/lib/thumb/v7e-m+fp/hard\libc_nano.a(libc_a-findfp.o)
                0x0000000020000020                __sglue
 .data._impure_data
                0x000000002000002c       0x4c C:/ST/STM32CubeIDE_1.13.2/STM32CubeIDE/plugins/com.st.stm32cube.ide.mcu.externaltools.gnu-tools-for-stm32.11.3.rel1.win32_1.1.100.202309141235/tools/bin/../lib/gcc/arm-none-eabi/11.3.1/../../../../arm-none-eabi/lib/thumb/v7e-m+fp/hard\libc_nano.a(libc_a-impure.o)
                0x000000002000002c                _impure_data
 .data._impure_ptr
                0x0000000020000078        0x4 C:/ST/STM32CubeIDE_1.13.2/STM32CubeIDE/plugins/com.st.stm32cube.ide.mcu.externaltools.gnu-tools-for-stm32.11.3.rel1.win32_1.1.100.202309141235/tools/bin/../lib/gcc/arm-none-eabi/11.3.1/../../../../arm-none-eabi/lib/thumb/v7e-m+fp/hard\libc_nano.a(libc_a-impure.o)
                0x0000000020000078                _impure_ptr
 *(.RamFunc)
 *(.RamFunc*)
                0x000000002000007c                . = ALIGN (0x4)
                0x000000002000007c                _edata = .
                0x00000000080082bc                _siccmram = LOADADDR (.ccmram)

.igot.plt       0x000000002000007c        0x0 load address 0x00000000080082bc
 .igot.plt      0x000000002000007c        0x0 C:/ST/STM32CubeIDE_1.13.2/STM32CubeIDE/plugins/com.st.stm32cube.ide.mcu.externaltools.gnu-tools-for-stm32.11.3.rel1.win32_1.1.100.202309141235/tools/bin/../lib/gcc/arm-none-eabi/11.3.1/thumb/v7e-m+fp/hard/crtbegin.o

.ccmram         0x0000000010000000        0x0 load address 0x00000000080082bc
                0x0000000010000000                . = ALIGN (0x4)
                0x0000000010000000                _sccmram = .
 *(.ccmram)
 *(.ccmram*)
                0x0000000010000000                . = ALIGN (0x4)
                0x0000000010000000                _eccmram = .
                0x0000000010000000                . = ALIGN (0x4)

.bss            0x000000002000007c     0x4fe4
                0x000000002000007c                _sbss = .
                0x000000002000007c                __bss_start__ = _sbss
 *(.bss)
 .bss           0x000000002000007c       0x1c C:/ST/STM32CubeIDE_1.13.2/STM32CubeIDE/plugins/com.st.stm32cube.ide.mcu.externaltools.gnu-tools-for-stm32.11.3.rel1.win32_1.1.100.202309141235/tools/bin/../lib/gcc/arm-none-eabi/11.3.1/thumb/v7e-m+fp/hard/crtbegin.o
 *(.bss*)
 .bss.channel   0x0000000020000098        0x4 ./Core/Src/Servo.o
                0x0000000020000098                channel
 .bss.ptr       0x000000002000009c        0x4 ./Core/Src/Servo.o
                0x000000002000009c                ptr
 .bss.Actual_angle_value
                0x00000000200000a0        0x1 ./Core/Src/main.o
                0x00000000200000a0                Actual_angle_value
 *fill*         0x00000000200000a1        0x3 
 .bss.DMA_SemaforHandle
                0x00000000200000a4        0x4 ./Core/Src/main.o
                0x00000000200000a4                DMA_SemaforHandle
 .bss.Processor_temperature
                0x00000000200000a8        0x4 ./Core/Src/main.o
                0x00000000200000a8                Processor_temperature
 .bss.Received  0x00000000200000ac        0x1 ./Core/Src/main.o
                0x00000000200000ac                Received
 *fill*         0x00000000200000ad        0x3 
 .bss.Room_temperature
                0x00000000200000b0        0x4 ./Core/Src/main.o
                0x00000000200000b0                Room_temperature
 .bss.Temperature_TASHandle
                0x00000000200000b4        0x4 ./Core/Src/main.o
                0x00000000200000b4                Temperature_TASHandle
 .bss.buffor    0x00000000200000b8        0x4 ./Core/Src/main.o
                0x00000000200000b8                buffor
 .bss.defaultTaskHandle
                0x00000000200000bc        0x4 ./Core/Src/main.o
                0x00000000200000bc                defaultTaskHandle
 .bss.hadc1     0x00000000200000c0       0x48 ./Core/Src/main.o
                0x00000000200000c0                hadc1
 .bss.hdma_i2c1_rx
                0x0000000020000108       0x60 ./Core/Src/main.o
                0x0000000020000108                hdma_i2c1_rx
 .bss.hi2c1     0x0000000020000168       0x54 ./Core/Src/main.o
                0x0000000020000168                hi2c1
 .bss.htim13    0x00000000200001bc       0x48 ./Core/Src/main.o
                0x00000000200001bc                htim13
 .bss.huart3    0x0000000020000204       0x48 ./Core/Src/main.o
                0x0000000020000204                huart3
 .bss.huart7    0x000000002000024c       0x48 ./Core/Src/main.o
                0x000000002000024c                huart7
 .bss.humidity  0x0000000020000294        0x4 ./Core/Src/main.o
                0x0000000020000294                humidity
 .bss.test_servo
                0x0000000020000298        0x1 ./Core/Src/main.o
                0x0000000020000298                test_servo
 *fill*         0x0000000020000299        0x3 
 .bss.htim6     0x000000002000029c       0x48 ./Core/Src/stm32f4xx_hal_timebase_tim.o
                0x000000002000029c                htim6
 .bss.__sbrk_heap_end
                0x00000000200002e4        0x4 ./Core/Src/sysmem.o
 .bss.uwTick    0x00000000200002e8        0x4 ./Drivers/STM32F4xx_HAL_Driver/Src/stm32f4xx_hal.o
                0x00000000200002e8                uwTick
 .bss.GATEWAY_ADDRESS
                0x00000000200002ec        0x4 ./LWIP/App/lwip.o
                0x00000000200002ec                GATEWAY_ADDRESS
 .bss.IP_ADDRESS
                0x00000000200002f0        0x4 ./LWIP/App/lwip.o
                0x00000000200002f0                IP_ADDRESS
 .bss.NETMASK_ADDRESS
                0x00000000200002f4        0x4 ./LWIP/App/lwip.o
                0x00000000200002f4                NETMASK_ADDRESS
 .bss.gnetif    0x00000000200002f8       0x34 ./LWIP/App/lwip.o
                0x00000000200002f8                gnetif
 .bss.gw        0x000000002000032c        0x4 ./LWIP/App/lwip.o
                0x000000002000032c                gw
 .bss.ipaddr    0x0000000020000330        0x4 ./LWIP/App/lwip.o
                0x0000000020000330                ipaddr
 .bss.netmask   0x0000000020000334        0x4 ./LWIP/App/lwip.o
                0x0000000020000334                netmask
 .bss.DMARxDscrTab
                0x0000000020000338       0xa0 ./LWIP/Target/ethernetif.o
                0x0000000020000338                DMARxDscrTab
 .bss.DMATxDscrTab
                0x00000000200003d8       0xa0 ./LWIP/Target/ethernetif.o
                0x00000000200003d8                DMATxDscrTab
 .bss.LAN8742   0x0000000020000478       0x20 ./LWIP/Target/ethernetif.o
                0x0000000020000478                LAN8742
 .bss.RxAllocStatus
                0x0000000020000498        0x1 ./LWIP/Target/ethernetif.o
 *fill*         0x0000000020000499        0x3 
 .bss.RxPktSemaphore
                0x000000002000049c        0x4 ./LWIP/Target/ethernetif.o
                0x000000002000049c                RxPktSemaphore
 .bss.TxConfig  0x00000000200004a0       0x38 ./LWIP/Target/ethernetif.o
                0x00000000200004a0                TxConfig
 .bss.TxPktSemaphore
                0x00000000200004d8        0x4 ./LWIP/Target/ethernetif.o
                0x00000000200004d8                TxPktSemaphore
 .bss.heth      0x00000000200004dc       0xb0 ./LWIP/Target/ethernetif.o
                0x00000000200004dc                heth
 .bss.memp_memory_RX_POOL_base