../Core/Src/main.c:71:6:HAL_GPIO_EXTI_Callback	16	static
../Core/Src/main.c:101:6:HAL_TIM_PeriodElapsedCallback	16	static
../Core/Src/main.c:138:6:count_number	4	static
../Core/Src/main.c:151:6:SetDisp	16	static
../Core/Src/main.c:175:6:DispSeg7	16	static
../Core/Src/main.c:189:6:SetSeg7	16	static
../Core/Src/main.c:235:5:main	8	static
../Core/Src/main.c:284:6:SystemClock_Config	88	static
../Core/Src/main.c:331:13:MX_TIM11_Init	8	static
../Core/Src/main.c:362:13:MX_USART2_UART_Init	8	static
../Core/Src/main.c:395:13:MX_GPIO_Init	48	static
../Core/Src/main.c:460:6:Error_Handler	4	static,ignoring_inline_asm
