../Core/Src/main.c:86:6:HAL_ADC_ConvCpltCallback	16	static
../Core/Src/main.c:96:6:HAL_GPIO_EXTI_Callback	16	static
../Core/Src/main.c:126:6:HAL_TIM_PeriodElapsedCallback	16	static
../Core/Src/main.c:161:6:count_number	4	static
../Core/Src/main.c:174:6:SetDisp	16	static
../Core/Src/main.c:198:6:DispSeg7	16	static
../Core/Src/main.c:212:6:SetSeg7	16	static
../Core/Src/main.c:258:5:main	8	static
../Core/Src/main.c:310:6:SystemClock_Config	88	static
../Core/Src/main.c:357:13:MX_ADC1_Init	24	static
../Core/Src/main.c:409:13:MX_TIM10_Init	8	static
../Core/Src/main.c:440:13:MX_TIM11_Init	8	static
../Core/Src/main.c:471:13:MX_USART2_UART_Init	8	static
../Core/Src/main.c:504:13:MX_GPIO_Init	48	static
../Core/Src/main.c:569:6:Error_Handler	4	static,ignoring_inline_asm
